== Dempsey Community Centre schedule_changes "Drop-in schedule - gymnasium sports"
- IGNORED date-context "Monday, March 16 to Friday, March 20"
    at: group "Drop-in schedule - gymnasium sports"
- NOTICE "See March Break schedule."
    date text: "Monday, March 16 to Friday, March 20"
    dates: 2026-03-16 Mon to 2026-03-20 Fri
    effects: see-schedule "March Break schedule"
    match: SCOPE_PHRASE
    at: group "Drop-in schedule - gymnasium sports"

== Dempsey Community Centre special_hours
- NOTICE "March 16 to 20, 8 am to 10 pm"
    date text: "March 16 to 20"
    dates: 2026-03-16 Mon to 2026-03-20 Fri
    time: "8 am to 10 pm" 08:00-22:00 unchecked
    effects: modified-hours
    at: facility

== Dempsey Community Centre notifications
- IGNORED boilerplate "Pickleball can now be found in the gymnasium sports schedule."
    at: facility
