== Heron Road Community Centre, 2026-07-12 Sun to 2026-08-30 Sun
warning: changes 2026-08-03 Mon
group "Drop-in schedule - weight and cardio room"
  warning: changes 2026-08-03 Mon
  2026-08-03 Mon 08:00-21:00 "Weight and cardio room": facility scope, group scope stated
group "Drop-in schedule - gymnasium sports"
  warning: changes 2026-08-03 Mon
  2026-08-03 Mon 17:00-18:00 "Pickleball 18+": facility scope, group scope stated
  2026-08-03 Mon 18:00-19:00 "Pickleball 18+": facility scope, group scope stated
  2026-08-03 Mon 19:00-20:00 "Pickleball 18+": facility scope, group scope stated
