== Minto Recreation Complex - Barrhaven, 2025-11-22 Sat to 2026-01-10 Sat
group "Drop-in schedule - racquet sports"
  warning: changes 2025-12-05 Fri
  2025-12-05 Fri 11:45-12:45 "Pickleball": cancelled
  2025-12-05 Fri 12:50-13:50 "Pickleball": cancelled
  2025-12-05 Fri 13:55-14:55 "Pickleball": cancelled
  2025-12-05 Fri 15:00-16:00 "Pickleball": cancelled
group "Drop-in schedule - sports"
  warning: changes 2025-12-05 Fri
  2025-12-05 Fri 09:00-11:00 "Kinderplay": cancelled
