== W. Erskine Johnston Arena, 2025-12-12 Fri to 2026-01-30 Fri
group "Drop-in schedule - skating"
  warning: changes 2025-12-26 Fri, changes 2025-12-30 Tue
  2025-12-26 Fri 11:30-12:20 "Public skating": cancelled
  2025-12-26 Fri 16:00-17:50 "Public skating": cancelled
  2025-12-30 Tue 11:30-12:20 "Public skating": cancelled
group "Drop-in schedule - ice sports"
  warning: changes 2025-12-26 Fri, changes 2025-12-30 Tue
  2025-12-26 Fri 09:30-11:20 "Pick-up hockey 50+": cancelled
  2025-12-26 Fri 12:30-13:20 "Stick and puck - youth and adult": cancelled
  2025-12-30 Tue 09:30-10:20 "Pick-up hockey 35+": cancelled
  2025-12-30 Tue 10:30-11:20 "Pick-up hockey 50+": cancelled
