== W. Erskine Johnston Arena, 2025-12-22 Mon to 2026-02-09 Mon
group "Drop-in schedule - skating"
  warning: changes 2025-12-30 Tue
  2025-12-30 Tue 11:30-12:20 "Public skating": cancelled
group "Drop-in schedule - ice sports"
  warning: changes 2025-12-30 Tue
  2025-12-30 Tue 09:30-10:20 "Pick-up hockey 35+": cancelled
  2025-12-30 Tue 10:30-11:20 "Pick-up hockey 50+": cancelled
