== W. Erskine Johnston Arena, 2025-11-19 Wed to 2026-01-07 Wed
group "Drop-in schedule - skating"
  warning: changes 2025-11-28 Fri, changes 2025-11-30 Sun
  2025-11-28 Fri 11:30-12:20 "Public skating": group scope stated
  2025-11-28 Fri 16:00-17:50 "Public skating": group scope stated
  2025-11-30 Sun 14:00-15:50 "Public skating": cancelled, likely cancelled
group "Drop-in schedule - ice sports"
  warning: changes 2025-11-28 Fri
  2025-11-28 Fri 09:30-11:20 "Pick-up hockey 50+": group scope stated
  2025-11-28 Fri 12:30-13:20 "Stick and puck - youth and adult": group scope stated
