== Richmond Memorial Community Centre, 2025-12-12 Fri to 2026-01-30 Fri
group "Drop-in schedule - skating"
  warning: changes 2025-12-25 Thu, changes 2025-12-30 Tue
  2025-12-30 Tue 11:00-11:50 "Family skating": added
  2025-12-30 Tue 12:00-12:50 "Public skating": added
group "Drop-in schedule - ice sports"
  warning: changes 2025-12-25 Thu
  2025-12-25 Thu 15:00-15:50 "Stick and puck (youth and adult)": cancelled
