== Heron Road Community Centre schedule_changes "Drop-in schedule - weight and cardio room"
- NOTICE "Monday, December 22 to Friday, January 2, see Winter Break schedule."
    date text: "Monday, December 22 to Friday, January 2"
    dates: 2025-12-22 Mon to 2026-01-02 Fri
    effects: see-schedule "Winter Break schedule"
    match: SCOPE_PHRASE
    at: group "Drop-in schedule - weight and cardio room"
- NOTICE "Monday, December 22 to Friday, January 2, see Winter Break schedule."
    date text: "Monday, December 22 to Friday, January 2"
    dates: 2025-12-22 Mon to 2026-01-02 Fri
    effects: see-schedule "Winter Break schedule"
    match: SCOPE_PHRASE
    at: group "Drop-in schedule - gymnasium sports"

== Heron Road Community Centre special_hours
- NOTICE "January 2, 8 am to 4 pm"
    date text: "January 2"
    dates: 2026-01-02 Fri
    time: "8 am to 4 pm" 08:00-16:00 unchecked
    effects: modified-hours
    at: facility
- NOTICE "January 3 and 4, closed"
    date text: "January 3 and 4"
    dates: 2026-01-03 Sat 2026-01-04 Sun
    effects: closure
    at: facility

== Heron Road Community Centre notifications
- IGNORED boilerplate "Pickleball can now be found in the gymnasium sports schedule."
    at: facility
