== Glen Cairn Pool schedule_changes "Drop-in schedule - Swimming"
- IGNORED date-context "Wednesday, August 19"
    at: group "Drop-in schedule - Swimming"
- NOTICE "Public swim, 6 to 8 pm, cancelled"
    date text: "Wednesday, August 19"
    dates: 2026-08-19 Wed
    time: "6 to 8 pm" 18:00-20:00 exact [Wednesday 6:00 - 8:00pm]
    effects: cancelled
    match: EXACT
    phrase: "Public swim"
    ambiguities: meridiem-inferred
    at: group "Drop-in schedule - Swimming" activity "Public Swim" sessions 2026-08-19 Wed 18:00-20:00

== Glen Cairn Pool special_hours
- NOTICE "Sunday, August 23, 5:30 to 6:30 pm"
    date text: "Sunday, August 23"
    dates: 2026-08-23 Sun
    time: "5:30 to 6:30 pm" 17:30-18:30 unchecked
    ambiguities: hours-context-unknown meridiem-inferred
    at: facility
- IGNORED supplementary "See Outdoor Pools for more information."
    date text: "Sunday, August 23"
    at: facility
- NOTICE "Regular season ends August 23."
    date text: "August 23"
    dates: to 2026-08-23 Sun
    effects: seasonal-hours
    match: SCOPE_PHRASE
    phrase: "Regular season"
    at: facility
