== Walter Baker Sports Centre schedule_changes "Drop-in schedule - swim and aquafitness"
- IGNORED date-context "Wednesday, July 1"
    at: group "Drop-in schedule - swim and aquafitness"
- NOTICE "The facility is closed and all programs cancelled."
    date text: "Wednesday, July 1"
    dates: 2026-07-01 Wed
    effects: cancelled, closure
    match: SCOPE_PHRASE
    at: group "Drop-in schedule - swim and aquafitness"
- IGNORED date-context "Wednesday, July 1"
    at: group "Drop-in schedule - weight and cardio room"
- NOTICE "The facility is closed and all programs cancelled."
    date text: "Wednesday, July 1"
    dates: 2026-07-01 Wed
    effects: cancelled, closure
    match: SCOPE_PHRASE
    at: group "Drop-in schedule - weight and cardio room"
- IGNORED date-context "Wednesday, July 1"
    at: group "Drop-in schedule - group fitness"
- NOTICE "The facility is closed and all programs cancelled."
    date text: "Wednesday, July 1"
    dates: 2026-07-01 Wed
    effects: cancelled, closure
    match: SCOPE_PHRASE
    at: group "Drop-in schedule - group fitness"
- IGNORED date-context "Wednesday, July 1"
    at: group "Drop-in schedule - squash"
- NOTICE "The facility is closed and all programs cancelled."
    date text: "Wednesday, July 1"
    dates: 2026-07-01 Wed
    effects: cancelled, closure
    match: SCOPE_PHRASE
    at: group "Drop-in schedule - squash"

== Walter Baker Sports Centre special_hours
- NOTICE "The hot tub and steam room are closed until further notice."
    dates: open-ended
    time: "" covers [Friday 2:00 - 9:00pm; Friday 7:15am - 1:00pm; Monday 2:00 - 4:00pm; Monday 7:15am - 1:00pm; Monday 7:30 - 9:00pm; Saturday 12:00 - 5:00pm; Sunday 12:00 - 5:00pm; Thursday 2:00 - 4:00pm; Thursday 6:30am - 1:00pm; Thursday 7:30 - 9:00pm; Tuesday 2:00 - 4:00pm; Tuesday 6:30am - 1:00pm; Tuesday 7:30 - 9:00pm; Wednesday 2:00 - 9:00pm; Wednesday 7:15am - 1:00pm]
    effects: closure
    match: EXACT
    phrase: "hot tub and steam room"
    at: group "Drop-in schedule - swim and aquafitness" activity "Hot tub and Steam Room"
- IGNORED date-context "Monday, May 11 to Sunday, June 28"
    at: facility
- NOTICE "the pool is closed for annual maintenance."
    date text: "Monday, May 11 to Sunday, June 28"
    dates: 2026-05-11 Mon to 2026-06-28 Sun
    effects: closure
    match: SCOPE_PHRASE
    phrase: "pool"
    at: facility
- IGNORED heading "Modified hours"
    section: "Modified hours"
    at: facility
- NOTICE "Wednesday, July 1, closed"
    section: "Modified hours"
    date text: "Wednesday, July 1"
    dates: 2026-07-01 Wed
    effects: closure
    at: facility
