== Walter Baker Sports Centre schedule_changes "Drop-in schedule - swim and aquafitness"
- IGNORED date-context "Friday, April 10"
    at: group "Drop-in schedule - swim and aquafitness"
- NOTICE "Lane swim, 7:30 to 9 pm, cancelled"
    date text: "Friday, April 10"
    dates: 2026-04-10 Fri
    time: "7:30 to 9 pm" 19:30-21:00 exact [Friday 7:30 - 9:00pm]
    effects: cancelled
    match: EXACT
    phrase: "Lane swim"
    ambiguities: meridiem-inferred
    sources: schedule_changes special_hours
    at: group "Drop-in schedule - swim and aquafitness" activity "Lane swim" sessions 2026-04-10 Fri 19:30-21:00

== Walter Baker Sports Centre special_hours
- IGNORED date-context "Friday, April 10"
    at: facility
- IGNORED duplicate "Lane swim, 7:30 to 9 pm, cancelled"
    date text: "Friday, April 10"
    dates: 2026-04-10 Fri
    time: "7:30 to 9 pm" 19:30-21:00 exact [Friday 7:30 - 9:00pm]
    match: EXACT
    phrase: "Lane swim"
    ambiguities: meridiem-inferred
    duplicate of: schedule_changes "Drop-in schedule - swim and aquafitness" "Lane swim, 7:30 to 9 pm, cancelled"
    at: facility
- IGNORED heading "Closures"
    section: "Closures"
    at: facility
- IGNORED date-context "Monday, May 11 to Sunday, June 28"
    section: "Closures"
    at: facility
- NOTICE "The pool is closed for annual maintenance."
    section: "Closures"
    date text: "Monday, May 11 to Sunday, June 28"
    dates: 2026-05-11 Mon to 2026-06-28 Sun
    effects: closure
    match: SCOPE_PHRASE
    phrase: "pool"
    at: group "Drop-in schedule - swim and aquafitness"
