== Bob MacQuarrie Recreation Complex - Orléans schedule_changes "Drop-in schedule - swim and aquafit"
- IGNORED date-context "Saturday, October 11 to Monday, October 13"
    at: group "Drop-in schedule - swim and aquafit"
- NOTICE "See Thanksgiving weekend schedule."
    date text: "Saturday, October 11 to Monday, October 13"
    dates: 2025-10-11 Sat to 2025-10-13 Mon
    effects: see-schedule "Thanksgiving weekend schedule" "https://ottawa.ca/en/bob-macquarrie-recreation-complex-holiday-drop-schedule"
    match: SCOPE_PHRASE
    at: group "Drop-in schedule - swim and aquafit"

== Bob MacQuarrie Recreation Complex - Orléans schedule_changes "Drop-in schedule - weight and cardio room"
- IGNORED date-context "Monday, October 13"
    at: group "Drop-in schedule - weight and cardio room"
- NOTICE "See Thanksgiving weekend schedule."
    date text: "Monday, October 13"
    dates: 2025-10-13 Mon
    effects: see-schedule "Thanksgiving weekend schedule" "https://ottawa.ca/en/bob-macquarrie-recreation-complex-holiday-drop-schedule"
    match: SCOPE_PHRASE
    at: group "Drop-in schedule - weight and cardio room"
- IGNORED date-context "Monday, October 13"
    at: group "Drop-in schedule - group fitness"
- NOTICE "See Thanksgiving weekend schedule."
    date text: "Monday, October 13"
    dates: 2025-10-13 Mon
    effects: see-schedule "Thanksgiving weekend schedule" "https://ottawa.ca/en/bob-macquarrie-recreation-complex-holiday-drop-schedule"
    match: SCOPE_PHRASE
    at: group "Drop-in schedule - group fitness"
- IGNORED date-context "Monday, October 13"
    at: group "Drop-in schedule - racquet sports"
- NOTICE "See Thanksgiving weekend schedule."
    date text: "Monday, October 13"
    dates: 2025-10-13 Mon
    effects: see-schedule "Thanksgiving weekend schedule" "https://ottawa.ca/en/bob-macquarrie-recreation-complex-holiday-drop-schedule"
    match: SCOPE_PHRASE
    at: group "Drop-in schedule - racquet sports"

== Bob MacQuarrie Recreation Complex - Orléans special_hours
- IGNORED date-context "Monday, October 13"
    at: facility
- NOTICE "8 am to 4 pm"
    date text: "Monday, October 13"
    dates: 2025-10-13 Mon
    time: "8 am to 4 pm" 08:00-16:00 unchecked
    effects: modified-hours
    at: facility
