== Jim Durrell Recreation Centre schedule_changes "Drop-in schedule - ice sports"
- IGNORED date-context "Thursday, August 27"
    at: group "Drop-in schedule - ice sports"
- NOTICE "All drop-in ice sports, cancelled"
    date text: "Thursday, August 27"
    dates: 2026-08-27 Thu
    time: "" covers [Thursday 3:00 - 3:50pm]
    effects: cancelled
    match: SCOPE_PHRASE
    phrase: "All drop-in ice sports"
    sources: schedule_changes special_hours
    at: group "Drop-in schedule - ice sports"
- IGNORED date-context "Thursday, August 27"
    at: facility
- IGNORED duplicate "All drop-in ice sports, cancelled"
    date text: "Thursday, August 27"
    dates: 2026-08-27 Thu
    time: "" covers [Thursday 3:00 - 3:50pm]
    match: SCOPE_PHRASE
    phrase: "All drop-in ice sports"
    duplicate of: schedule_changes "Drop-in schedule - ice sports" "All drop-in ice sports, cancelled"
    at: facility

== Jim Durrell Recreation Centre notifications
- UNPARSED freeform "Please be advised that our parking lot will be under construction. Expect delays, limited parking availability, and changes to traffic flow while work is underway."
    phrase: "Please be advised that our parking lot will be under construction"
    at: facility
