== Kanata Leisure Centre and Wave Pool, 2026-04-24 Fri to 2026-06-12 Fri
warning: changes 2026-05-18 Mon
group "Drop-in schedule - swim and aquafitness"
  warning: changes 2026-05-18 Mon
  2026-05-18 Mon 08:00-09:00 "Lane swim": group scope stated
  2026-05-18 Mon 08:00-13:00 "Hot tub and sauna": group scope stated
  2026-05-18 Mon 09:00-10:00 "Aquafit": group scope stated
  2026-05-18 Mon 10:00-13:00 "Lane swim": group scope stated
  2026-05-18 Mon 11:00-13:00 "Preschool swim": group scope stated
  2026-05-18 Mon 17:00-21:00 "Hot tub and sauna": group scope stated
  2026-05-18 Mon 20:00-21:00 "Lane swim": group scope stated
group "Drop-in schedules - weight and cardio room"
  warning: changes 2026-05-18 Mon
  2026-05-18 Mon 07:00-21:00 "Weight and cardio room": group scope stated
group "Drop-in schedules - group fitness"
  warning: changes 2026-05-18 Mon
  2026-05-18 Mon 09:00-10:00 "Strength": group scope stated
  2026-05-18 Mon 10:30-11:30 "Qigong": group scope stated
