== Lowertown Community Centre and Pool schedule_changes "Drop-in schedule - swimming"
- IGNORED date-context "Saturday, October 11 to Monday, October 13"
    at: group "Drop-in schedule - swimming"
- NOTICE "See Thanksgiving weekend schedule."
    date text: "Saturday, October 11 to Monday, October 13"
    dates: 2025-10-11 Sat to 2025-10-13 Mon
    effects: see-schedule "Thanksgiving weekend schedule" "https://ottawa.ca/en/recreation-and-parks/facilities/place-listing/lowertown-community-centre-and-pool/lowertown-community-centre-and-pool-holiday-drop-schedule"
    match: SCOPE_PHRASE
    at: group "Drop-in schedule - swimming"
- IGNORED date-context "Saturday, October 11 to Monday, October 13"
    at: group "Drop-in schedule - racquet sports"
- NOTICE "See Thanksgiving weekend schedule."
    date text: "Saturday, October 11 to Monday, October 13"
    dates: 2025-10-11 Sat to 2025-10-13 Mon
    effects: see-schedule "Thanksgiving weekend schedule" "https://ottawa.ca/en/recreation-and-parks/facilities/place-listing/lowertown-community-centre-and-pool/lowertown-community-centre-and-pool-holiday-drop-schedule"
    match: SCOPE_PHRASE
    at: group "Drop-in schedule - racquet sports"
- IGNORED date-context "Saturday, October 11 to Monday, October 13"
    at: group "Drop-in schedule - sports"
- NOTICE "See Thanksgiving weekend schedule."
    date text: "Saturday, October 11 to Monday, October 13"
    dates: 2025-10-11 Sat to 2025-10-13 Mon
    effects: see-schedule "Thanksgiving weekend schedule" "https://ottawa.ca/en/recreation-and-parks/facilities/place-listing/lowertown-community-centre-and-pool/lowertown-community-centre-and-pool-holiday-drop-schedule"
    match: SCOPE_PHRASE
    at: group "Drop-in schedule - sports"
