== Walter Baker Sports Centre, 2025-12-13 Sat to 2026-01-31 Sat
warning: changes 2025-12-24 Wed to 2025-12-26 Fri, changes 2025-12-31 Wed to 2026-01-01 Thu
group "Drop-in schedule - swim and aquafit"
  warning: changes 2025-12-20 Sat to 2026-01-04 Sun
group "Drop-in schedule - weight and cardio room"
  warning: changes 2025-12-20 Sat to 2026-01-04 Sun
  2025-12-24 Wed 06:30-21:00 "Weight and cardio room": facility scope
  2025-12-25 Thu 06:30-21:00 "Weight and cardio room": facility scope
  2025-12-31 Wed 06:30-21:00 "Weight and cardio room": facility scope
  2026-01-01 Thu 06:30-21:00 "Weight and cardio room": facility scope
group "Drop-in schedule - group fitness"
  warning: changes 2025-12-20 Sat to 2026-01-04 Sun
group "Drop-in schedule - gymnasium sports"
  warning: changes 2025-12-20 Sat to 2026-01-04 Sun
group "Drop-in schedule - squash"
  warning: changes 2025-12-20 Sat to 2026-01-04 Sun
group "Drop-in schedule - skating"
  warning: changes 2025-12-20 Sat to 2026-01-04 Sun
  2025-12-26 Fri 19:15-20:05 "Public skating": group scope stated
  2025-12-27 Sat 11:15-12:05 "Public skating": group scope stated
  2025-12-27 Sat 12:15-13:05 "Public skating": group scope stated
  2025-12-28 Sun 11:15-12:05 "Public skating": group scope stated
  2025-12-28 Sun 12:15-13:05 "Public skating": group scope stated
