== Walter Baker Sports Centre, 2026-01-19 Mon to 2026-03-09 Mon
warning: notice 2026-01-28 Wed to 2026-01-29 Thu
group "Drop-in schedule - swim and aquafitness"
  warning: changes 2026-01-28 Wed to 2026-01-29 Thu
  2026-01-28 Wed 08:30-10:00 "Preschool swim": cancelled
  2026-01-29 Thu 13:00-14:00 "Aquafit General - Shallow": cancelled
