== François Dupuis Recreation Centre special_hours
- IGNORED date-context "Tuesday, November 18"
    at: facility
- NOTICE "The warm pool is closed."
    date text: "Tuesday, November 18"
    dates: 2025-11-18 Tue
    time: "" covers [Tuesday 2:30 - 3:25pm]
    effects: closure
    match: FUZZY
    phrase: "warm pool"
    at: group "Drop-in schedule - swim and aquafit" activity "Aqua lite - warm pool" sessions 2025-11-18 Tue 14:30-15:25
- IGNORED heading "Notice: November 13"
    section: "Notice: November 13"
    at: facility
- NOTICE "The therapeutic pool ramp is closed until further notice."
    section: "Notice: November 13"
    date text: "Notice: November 13"
    dates: 2025-11-13 Thu; open-ended
    effects: closure
    match: NONE
    phrase: "therapeutic pool ramp"
    amenity: "therapeutic pool ramp"
    at: facility
