== François Dupuis Recreation Centre schedule_changes "Drop-in schedule - swim and aquafit"
- IGNORED date-context "Saturday, December 20 to Sunday, January 4"
    at: group "Drop-in schedule - swim and aquafit"
- NOTICE "See Winter Break schedule."
    date text: "Saturday, December 20 to Sunday, January 4"
    dates: 2025-12-20 Sat to 2026-01-04 Sun
    effects: see-schedule "Winter Break schedule" "https://ottawa.ca/en/francois-dupuis-recreation-centre-holiday-drop-schedule"
    match: SCOPE_PHRASE
    at: group "Drop-in schedule - swim and aquafit"

== François Dupuis Recreation Centre schedule_changes "Drop-in schedule - weight and cardio room"
- IGNORED date-context "Saturday, December 20 to Sunday, January 4"
    at: group "Drop-in schedule - weight and cardio room"
- NOTICE "See Winter Break schedule."
    date text: "Saturday, December 20 to Sunday, January 4"
    dates: 2025-12-20 Sat to 2026-01-04 Sun
    effects: see-schedule "Winter Break schedule" "https://ottawa.ca/en/francois-dupuis-recreation-centre-holiday-drop-schedule"
    match: SCOPE_PHRASE
    at: group "Drop-in schedule - weight and cardio room"
- IGNORED date-context "Saturday, December 20 to Sunday, January 4"
    at: group "Drop-in schedule - group fitness"
- NOTICE "See Winter Break schedule."
    date text: "Saturday, December 20 to Sunday, January 4"
    dates: 2025-12-20 Sat to 2026-01-04 Sun
    effects: see-schedule "Winter Break schedule" "https://ottawa.ca/en/francois-dupuis-recreation-centre-holiday-drop-schedule"
    match: SCOPE_PHRASE
    at: group "Drop-in schedule - group fitness"
- IGNORED date-context "Saturday, December 20 to Sunday, January 4"
    at: group "Drop-in schedule - racquet sports"
- NOTICE "See Winter Break schedule."
    date text: "Saturday, December 20 to Sunday, January 4"
    dates: 2025-12-20 Sat to 2026-01-04 Sun
    effects: see-schedule "Winter Break schedule" "https://ottawa.ca/en/francois-dupuis-recreation-centre-holiday-drop-schedule"
    match: SCOPE_PHRASE
    at: group "Drop-in schedule - racquet sports"
- IGNORED date-context "Saturday, December 20 to Sunday, January 4"
    at: group "Drop-in schedule - sports"
- NOTICE "See Winter Break schedule."
    date text: "Saturday, December 20 to Sunday, January 4"
    dates: 2025-12-20 Sat to 2026-01-04 Sun
    effects: see-schedule "Winter Break schedule" "https://ottawa.ca/en/francois-dupuis-recreation-centre-holiday-drop-schedule"
    match: SCOPE_PHRASE
    at: group "Drop-in schedule - sports"

== François Dupuis Recreation Centre special_hours
- NOTICE "December 24, 7:15 am to noon"
    date text: "December 24"
    dates: 2025-12-24 Wed
    time: "7:15 am to noon" 07:15-12:00 unchecked
    ambiguities: possible-activity-time
    at: facility
- NOTICE "December 25 and 26, closed"
    date text: "December 25 and 26"
    dates: 2025-12-25 Thu 2025-12-26 Fri
    effects: closure
    at: facility
- NOTICE "December 31, 7:15 am to noon"
    date text: "December 31"
    dates: 2025-12-31 Wed
    time: "7:15 am to noon" 07:15-12:00 unchecked
    ambiguities: possible-activity-time
    at: facility
- NOTICE "January 1, closed"
    date text: "January 1"
    dates: 2026-01-01 Thu
    effects: closure
    at: facility
- IGNORED heading "Pool closure"
    section: "Pool closure"
    at: facility
- IGNORED date-context "January 2 to 25"
    section: "Pool closure"
    at: facility
- NOTICE "The pool is closed for annual maintenance."
    section: "Pool closure"
    date text: "January 2 to 25"
    dates: 2026-01-02 Fri to 2026-01-25 Sun
    effects: closure
    match: SCOPE_PHRASE
    phrase: "pool"
    at: facility
