== François Dupuis Recreation Centre schedule_changes "Drop-in schedule - swim and aquafitness"
- IGNORED date-context "Saturday, March 14 and Friday, March 20"
    at: group "Drop-in schedule - swim and aquafitness"
- NOTICE "See March Break schedule."
    date text: "Saturday, March 14 and Friday, March 20"
    dates: 2026-03-14 Sat 2026-03-20 Fri
    effects: see-schedule "March Break schedule"
    match: SCOPE_PHRASE
    at: group "Drop-in schedule - swim and aquafitness"
- IGNORED date-context "Saturday, March 14 and Friday, March 20"
    at: group "Drop-in schedule - group fitness"
- NOTICE "See March Break schedule."
    date text: "Saturday, March 14 and Friday, March 20"
    dates: 2026-03-14 Sat 2026-03-20 Fri
    effects: see-schedule "March Break schedule"
    match: SCOPE_PHRASE
    at: group "Drop-in schedule - group fitness"
- IGNORED date-context "Saturday, March 14 and Friday, March 20"
    at: group "Drop-in schedule - gymnasium sports"
- NOTICE "See March Break schedule."
    date text: "Saturday, March 14 and Friday, March 20"
    dates: 2026-03-14 Sat 2026-03-20 Fri
    effects: see-schedule "March Break schedule"
    match: SCOPE_PHRASE
    at: group "Drop-in schedule - gymnasium sports"

== François Dupuis Recreation Centre special_hours
- NOTICE "Sauna is closed until further notice."
    dates: open-ended
    time: "" covers [Friday 7:00 - 9:00pm; Friday 7:30am - 3:30pm; Friday, March 20, 2026 5:00 - 9:00pm; Friday, March 20, 2026 7:30am - 3:00pm; Monday 7:30am - 3:30pm; Monday 8:00 - 9:00pm; Monday, March 16, 2026 5:30 - 9:00pm; Monday, March 16, 2026 7:30am - 3:00pm; Saturday 10:30am - 4:00pm; Saturday, March 14, 2026 9:00am - 4:00pm; Sunday 9:30am - 4:00pm; Sunday, March 15, 2026 9:00am - 4:00pm; Thursday 7:30am - 2:30pm; Thursday 8:00 - 9:00pm; Thursday, March 19, 2026 5:30 - 8:00pm; Thursday, March 19, 2026 7:30am - 3:00pm; Tuesday 7:30am - 3:30pm; Tuesday 8:00 - 9:00pm; Tuesday, March 17, 2026 5:30 - 9:00pm; Tuesday, March 17, 2026 7:30am - 3:00pm; Wednesday 7:30am - 3:00pm; Wednesday 8:00 - 9:00pm; Wednesday, March 18, 2026 7:30am - 3:00pm]
    effects: closure
    match: EXACT
    phrase: "sauna"
    at: group "Drop-in schedule - March Break" activity "Sauna"
    at: group "Drop-in schedule - swim and aquafitness" activity "Sauna"

== François Dupuis Recreation Centre notifications
- IGNORED boilerplate "Pickleball and badminton can now be found in the gymnasium sports schedule."
    at: facility
