== François Dupuis Recreation Centre schedule_changes "Drop-in schedule - swim and aquafitness"
- IGNORED date-context "Sunday, August 2 and Monday, August 3"
    at: group "Drop-in schedule - swim and aquafitness"
- NOTICE "See Civic Holiday schedule."
    date text: "Sunday, August 2 and Monday, August 3"
    dates: 2026-08-02 Sun 2026-08-03 Mon
    effects: see-schedule "Civic Holiday schedule"
    match: SCOPE_PHRASE
    at: group "Drop-in schedule - swim and aquafitness"
- IGNORED date-context "Sunday, August 2 and Monday, August 3"
    at: group "Drop-in schedule - weight and cardio room"
- NOTICE "See Civic Holiday schedule."
    date text: "Sunday, August 2 and Monday, August 3"
    dates: 2026-08-02 Sun 2026-08-03 Mon
    effects: see-schedule "Civic Holiday schedule"
    match: SCOPE_PHRASE
    at: group "Drop-in schedule - weight and cardio room"
- IGNORED date-context "Sunday, August 2 and Monday, August 3"
    at: group "Drop-in schedule - group fitness"
- NOTICE "See Civic Holiday schedule."
    date text: "Sunday, August 2 and Monday, August 3"
    dates: 2026-08-02 Sun 2026-08-03 Mon
    effects: see-schedule "Civic Holiday schedule"
    match: SCOPE_PHRASE
    at: group "Drop-in schedule - group fitness"

== François Dupuis Recreation Centre special_hours
- IGNORED date-context "Monday, July 27 and Tuesday, July 28"
    at: facility
- NOTICE "Lane swim - shared pool, 8:30 to 9 am, cancelled"
    date text: "Monday, July 27 and Tuesday, July 28"
    dates: 2026-07-27 Mon 2026-07-28 Tue
    time: "8:30 to 9 am" 08:30-09:00 exact [Monday 8:30 - 9:00am; Tuesday 8:30 - 9:00am]
    effects: cancelled
    match: EXACT
    phrase: "Lane swim - shared pool"
    ambiguities: meridiem-inferred
    at: group "Drop-in schedule - Civic Holiday weekend" activity "Lane swim - shared pool" sessions 2026-07-27 Mon 08:30-09:00, 2026-07-28 Tue 08:30-09:00
    at: group "Drop-in schedule - swim and aquafitness" activity "Lane swim -shared pool" sessions 2026-07-27 Mon 08:30-09:00, 2026-07-28 Tue 08:30-09:00
- IGNORED date-context "Wednesday, July 29 to Friday, July 31"
    at: facility
- NOTICE "Lane swim - shared pool, 8:30 to 9 am, and noon to 1:30 pm, cancelled"
    date text: "Wednesday, July 29 to Friday, July 31"
    dates: 2026-07-29 Wed to 2026-07-31 Fri
    time: "8:30 to 9 am" 08:30-09:00 exact [Friday 8:30 - 9:00am; Thursday 8:30 - 9:00am; Wednesday 8:30 - 9:00am]
    effects: cancelled
    match: EXACT
    phrase: "Lane swim - shared pool"
    ambiguities: meridiem-inferred
    at: group "Drop-in schedule - Civic Holiday weekend" activity "Lane swim - shared pool" sessions 2026-07-29 Wed 08:30-09:00, 2026-07-30 Thu 08:30-09:00, 2026-07-31 Fri 08:30-09:00
    at: group "Drop-in schedule - swim and aquafitness" activity "Lane swim -shared pool" sessions 2026-07-29 Wed 08:30-09:00, 2026-07-30 Thu 08:30-09:00, 2026-07-31 Fri 08:30-09:00
- NOTICE "Lane swim - shared pool, 8:30 to 9 am, and noon to 1:30 pm, cancelled"
    date text: "Wednesday, July 29 to Friday, July 31"
    dates: 2026-07-29 Wed to 2026-07-31 Fri
    time: "noon to 1:30 pm" 12:00-13:30 none
    effects: cancelled
    match: EXACT
    phrase: "Lane swim - shared pool"
    ambiguities: no-slot-overlap
    at: group "Drop-in schedule - Civic Holiday weekend" activity "Lane swim - shared pool"
    at: group "Drop-in schedule - swim and aquafitness" activity "Lane swim -shared pool"
- NOTICE "Lane swim - shared pool, noon to 1:30 pm, added"
    date text: "Wednesday, July 29 to Friday, July 31"
    dates: 2026-07-29 Wed to 2026-07-31 Fri
    time: "noon to 1:30 pm" 12:00-13:30 novel
    effects: added
    match: EXACT
    phrase: "Lane swim - shared pool"
    at: group "Drop-in schedule - Civic Holiday weekend" activity "Lane swim - shared pool" sessions 2026-07-29 Wed 12:00-13:30 added, 2026-07-30 Thu 12:00-13:30 added, 2026-07-31 Fri 12:00-13:30 added
    at: group "Drop-in schedule - swim and aquafitness" activity "Lane swim -shared pool" sessions 2026-07-29 Wed 12:00-13:30 added, 2026-07-30 Thu 12:00-13:30 added, 2026-07-31 Fri 12:00-13:30 added
- UNPARSED freeform "Civic Holiday"
    phrase: "Civic Holiday"
    ambiguities: head-unparsed
    at: facility
- NOTICE "Monday, August 3, 8 am to 4 pm, facility hours"
    date text: "Monday, August 3"
    dates: 2026-08-03 Mon
    time: "8 am to 4 pm" 08:00-16:00 unchecked
    effects: modified-hours
    at: facility
- IGNORED date-context "Tuesday, August 4 to Friday, August 7"
    at: facility
- NOTICE "Lane swim - shared pool, 8:30 to 9 am, cancelled"
    date text: "Tuesday, August 4 to Friday, August 7"
    dates: 2026-08-04 Tue to 2026-08-07 Fri
    time: "8:30 to 9 am" 08:30-09:00 exact [Friday 8:30 - 9:00am; Thursday 8:30 - 9:00am; Tuesday 8:30 - 9:00am; Wednesday 8:30 - 9:00am]
    effects: cancelled
    match: EXACT
    phrase: "Lane swim - shared pool"
    ambiguities: meridiem-inferred
    at: group "Drop-in schedule - Civic Holiday weekend" activity "Lane swim - shared pool" sessions 2026-08-04 Tue 08:30-09:00, 2026-08-05 Wed 08:30-09:00, 2026-08-06 Thu 08:30-09:00, 2026-08-07 Fri 08:30-09:00
    at: group "Drop-in schedule - swim and aquafitness" activity "Lane swim -shared pool" sessions 2026-08-04 Tue 08:30-09:00, 2026-08-05 Wed 08:30-09:00, 2026-08-06 Thu 08:30-09:00, 2026-08-07 Fri 08:30-09:00
- NOTICE "Lane swim - shared pool, noon to 1:30 pm, added"
    date text: "Tuesday, August 4 to Friday, August 7"
    dates: 2026-08-04 Tue to 2026-08-07 Fri
    time: "noon to 1:30 pm" 12:00-13:30 novel
    effects: added
    match: EXACT
    phrase: "Lane swim - shared pool"
    at: group "Drop-in schedule - Civic Holiday weekend" activity "Lane swim - shared pool" sessions 2026-08-04 Tue 12:00-13:30 added, 2026-08-05 Wed 12:00-13:30 added, 2026-08-06 Thu 12:00-13:30 added, 2026-08-07 Fri 12:00-13:30 added
    at: group "Drop-in schedule - swim and aquafitness" activity "Lane swim -shared pool" sessions 2026-08-04 Tue 12:00-13:30 added, 2026-08-05 Wed 12:00-13:30 added, 2026-08-06 Thu 12:00-13:30 added, 2026-08-07 Fri 12:00-13:30 added

== François Dupuis Recreation Centre notifications
- IGNORED boilerplate "Pickleball and badminton can now be found in the gymnasium sports schedule."
    at: facility
