== François Dupuis Recreation Centre schedule_changes "Drop-in schedule - swim and aquafitness"
- IGNORED date-context "Monday, September 28"
    at: group "Drop-in schedule - swim and aquafitness"
- NOTICE "Aquafit Lite - warm pool, 2:30 to 3:30 pm, no instructor"
    date text: "Monday, September 28"
    dates: 2026-09-28 Mon
    time: "2:30 to 3:30 pm" 14:30-15:30 covers [Monday 2:30 - 3:25pm]
    effects: restriction "no instructor"
    match: EXACT
    phrase: "Aquafit Lite - warm pool"
    ambiguities: meridiem-inferred
    sources: schedule_changes special_hours
    at: group "Drop-in schedule - swim and aquafitness" activity "Aquafit Lite - warm pool" sessions 2026-09-28 Mon 14:30-15:25
- IGNORED date-context "Saturday, October 10 to Monday, October 12"
    at: group "Drop-in schedule - swim and aquafitness"
- NOTICE "See Thanksgiving weekend schedule."
    date text: "Saturday, October 10 to Monday, October 12"
    dates: 2026-10-10 Sat to 2026-10-12 Mon
    effects: see-schedule "Thanksgiving weekend schedule"
    match: SCOPE_PHRASE
    at: group "Drop-in schedule - swim and aquafitness"

== François Dupuis Recreation Centre schedule_changes "Drop-in schedule - weight and cardio room"
- IGNORED date-context "Saturday, October 10 to Monday, October 12"
    at: group "Drop-in schedule - weight and cardio room"
- NOTICE "See Thanksgiving weekend schedule."
    date text: "Saturday, October 10 to Monday, October 12"
    dates: 2026-10-10 Sat to 2026-10-12 Mon
    effects: see-schedule "Thanksgiving weekend schedule"
    match: SCOPE_PHRASE
    at: group "Drop-in schedule - weight and cardio room"
- IGNORED date-context "Saturday, October 10 to Monday, October 12"
    at: group "Drop-in schedule - gymnasium sports"
- NOTICE "See Thanksgiving weekend schedule."
    date text: "Saturday, October 10 to Monday, October 12"
    dates: 2026-10-10 Sat to 2026-10-12 Mon
    effects: see-schedule "Thanksgiving weekend schedule"
    match: SCOPE_PHRASE
    at: group "Drop-in schedule - gymnasium sports"

== François Dupuis Recreation Centre special_hours
- NOTICE "The sauna is cooler than usual."
    match: MULTIPLE
    phrase: "The sauna is cooler than usual"
    candidates: "Sauna"
    ambiguities: activity-multiple-candidates
    at: group "Drop-in schedule - Thanksgiving weekend"
    at: group "Drop-in schedule - swim and aquafitness"
- IGNORED heading "Schedule changes"
    section: "Schedule changes"
    at: facility
- IGNORED date-context "Monday, September 28"
    section: "Schedule changes"
    at: facility
- IGNORED duplicate "Aquafit Lite - warm pool, 2:30 to 3:30 pm, no instructor"
    section: "Schedule changes"
    date text: "Monday, September 28"
    dates: 2026-09-28 Mon
    time: "2:30 to 3:30 pm" 14:30-15:30 covers [Monday 2:30 - 3:25pm]
    match: EXACT
    phrase: "Aquafit Lite - warm pool"
    ambiguities: meridiem-inferred
    duplicate of: schedule_changes "Drop-in schedule - swim and aquafitness" "Aquafit Lite - warm pool, 2:30 to 3:30 pm, no instructor"
    at: facility
- NOTICE "Monday, October 12, 8 am to 4 pm"
    section: "Schedule changes"
    date text: "Monday, October 12"
    dates: 2026-10-12 Mon
    time: "8 am to 4 pm" 08:00-16:00 unchecked
    effects: modified-hours
    at: facility
