== Nepean Sportsplex, 2026-05-03 Sun to 2026-06-21 Sun
warning: changes 2026-05-03 Sun to 2026-06-21 Sun
group "Drop-in schedule - swim and aquafitness"
  warning: changes 2026-05-10 Sun to 2026-05-31 Sun
  2026-05-10 Sun 11:00-15:00 "Lane swim - 50m short course": cancelled
  2026-05-18 Mon 08:30-09:30 "Aquafit General": cancelled
  2026-05-18 Mon 09:30-10:30 "Aquafit Lite - 25m pool shallow": cancelled
  2026-05-29 Fri 08:30-09:30 "Aquafit General": cancelled
  2026-05-29 Fri 08:30-13:00 "Lane swim - 50m long course": cancelled
  2026-05-29 Fri 09:30-10:30 "Aquafit Lite - 25m pool shallow": cancelled
  2026-05-29 Fri 11:00-13:00 "Public swim -25m pool": cancelled
  2026-05-30 Sat 09:45-10:45 "Preschool swim - 25m pool": cancelled
  2026-05-30 Sat 11:00-15:00 "Lane swim - 50m short course": cancelled
  2026-05-30 Sat 13:00-15:00 "Public swim -25m pool": cancelled
  2026-05-31 Sun 11:00-15:00 "Lane swim - 50m short course": cancelled
  2026-05-31 Sun 13:00-15:00 "Public swim -25m pool": cancelled
group "Drop-in schedule - weight and cardio room"
  warning: changes 2026-05-18 Mon
group "Drop-in schedule - gymnasium sports"
  warning: changes 2026-05-18 Mon
group "Drop-in schedule - squash"
  warning: changes 2026-05-18 Mon
