== Bob MacQuarrie Recreation Complex - Orléans, 2025-12-03 Wed to 2026-01-21 Wed
group "Drop-in schedule - Winter Break"
  warning: changes 2025-12-20 Sat
  2025-12-20 Sat 20:15-21:15 "Public swim - women's only": added
group "Drop-in schedule - swim and aquafit"
  warning: changes 2025-12-22 Mon to 2026-01-04 Sun
group "Drop-in schedule - weight and cardio room"
  warning: changes 2025-12-22 Mon to 2026-01-04 Sun
group "Drop-in schedule - group fitness"
  warning: changes 2025-12-22 Mon to 2026-01-04 Sun
group "Drop-in schedule - racquet sports"
  warning: changes 2025-12-22 Mon to 2026-01-04 Sun
group "Drop-in schedule - skating"
  warning: changes 2025-12-12 Fri, changes 2025-12-14 Sun, changes 2025-12-22 Mon to 2026-01-04 Sun
  2025-12-12 Fri 19:15-20:05 "Public skating": cancelled
  2025-12-12 Fri 20:15-21:05 "Figure skating": cancelled
  2025-12-14 Sun 13:00-13:50 "Public skating": cancelled
  2025-12-14 Sun 14:00-14:50 "Public skating": cancelled
