== Bob MacQuarrie Recreation Complex - Orléans, 2026-05-03 Sun to 2026-06-21 Sun
warning: notice 2026-05-03 Sun to 2026-05-17 Sun, changes 2026-05-18 Mon, notice 2026-05-19 Tue to 2026-06-21 Sun
group "Drop-in schedule - swim and aquafitness"
  warning: changes 2026-05-16 Sat to 2026-05-18 Mon, changes 2026-05-23 Sat
  2026-05-18 Mon 06:00-08:00 "Lane swim": facility scope, group scope stated
  2026-05-18 Mon 07:00-08:00 "Aquafit General -Therapeutic pool": facility scope, group scope stated
  2026-05-18 Mon 08:00-09:00 "Aquafit General -Deep": facility scope, group scope stated
  2026-05-18 Mon 08:00-09:00 "Aquafit General -Shallow": facility scope, group scope stated
  2026-05-18 Mon 09:00-10:00 "Aquafit General -Deep": facility scope, group scope stated
  2026-05-18 Mon 09:00-10:00 "Aquafit General -Shallow": facility scope, group scope stated
  2026-05-18 Mon 11:00-13:00 "Lane swim": facility scope, group scope stated
  2026-05-18 Mon 13:00-14:00 "Aquafit Lite -Therapeutic pool": facility scope, group scope stated
  2026-05-18 Mon 19:30-20:30 "Aquafit General -Deep": facility scope, group scope stated
  2026-05-18 Mon 19:30-20:30 "Aquafit General -Shallow": facility scope, group scope stated
  2026-05-23 Sat 20:15-21:15 "Women's only public swim": added novel
group "Drop-in schedule - weight and cardio room"
  warning: changes 2026-05-16 Sat to 2026-05-18 Mon
  2026-05-18 Mon 06:00-21:00 "Weight and cardio room": facility scope, group scope stated
group "Drop-in schedule - group fitness"
  warning: changes 2026-05-16 Sat to 2026-05-18 Mon
group "Drop-in schedule - squash and racquetball"
  warning: changes 2026-05-16 Sat to 2026-05-18 Mon
  2026-05-18 Mon 06:00-07:00 "Squash courts 1, 2, 3, 5, 7 and 9 *Reservations required": facility scope, group scope stated
  2026-05-18 Mon 06:15-07:15 "Racquetball - courts 4, 6, and 8 *Reservations required": facility scope, group scope stated
  2026-05-18 Mon 07:00-08:00 "Squash courts 1, 2, 3, 5, 7 and 9 *Reservations required": facility scope, group scope stated
  2026-05-18 Mon 07:15-08:15 "Racquetball - courts 4, 6, and 8 *Reservations required": facility scope, group scope stated
  2026-05-18 Mon 08:00-09:00 "Squash courts 1, 2, 3, 5, 7 and 9 *Reservations required": facility scope, group scope stated
  2026-05-18 Mon 08:15-09:15 "Racquetball - courts 4, 6, and 8 *Reservations required": facility scope, group scope stated
  2026-05-18 Mon 09:00-10:00 "Squash courts 1, 2, 3, 5, 7 and 9 *Reservations required": facility scope, group scope stated
  2026-05-18 Mon 09:15-10:15 "Racquetball - courts 4, 6, and 8 *Reservations required": facility scope, group scope stated
  2026-05-18 Mon 10:00-11:00 "Squash courts 1, 2, 3, 5, 7 and 9 *Reservations required": facility scope, group scope stated
  2026-05-18 Mon 10:15-11:15 "Racquetball - courts 4, 6, and 8 *Reservations required": facility scope, group scope stated
  2026-05-18 Mon 11:00-12:00 "Squash courts 1, 2, 3, 5, 7 and 9 *Reservations required": facility scope, group scope stated
  2026-05-18 Mon 11:15-12:15 "Racquetball - courts 4, 6, and 8 *Reservations required": facility scope, group scope stated
  2026-05-18 Mon 12:00-13:00 "Squash courts 1, 2, 3, 5, 7 and 9 *Reservations required": facility scope, group scope stated
  2026-05-18 Mon 12:15-13:15 "Racquetball - courts 4, 6, and 8 *Reservations required": facility scope, group scope stated
  2026-05-18 Mon 13:00-14:00 "Squash courts 1, 2, 3, 5, 7 and 9 *Reservations required": facility scope, group scope stated
  2026-05-18 Mon 13:15-14:15 "Racquetball - courts 4, 6, and 8 *Reservations required": facility scope, group scope stated
  2026-05-18 Mon 14:00-15:00 "Squash courts 1, 2, 3, 5, 7 and 9 *Reservations required": facility scope, group scope stated
  2026-05-18 Mon 14:15-15:15 "Racquetball - courts 4, 6, and 8 *Reservations required": facility scope, group scope stated
  2026-05-18 Mon 15:00-16:00 "Squash courts 1, 2, 3, 5, 7 and 9 *Reservations required": facility scope, group scope stated
  2026-05-18 Mon 15:15-16:15 "Racquetball - courts 4, 6, and 8 *Reservations required": facility scope, group scope stated
  2026-05-18 Mon 16:00-17:00 "Squash courts 1, 2, 3, 5, 7 and 9 *Reservations required": facility scope, group scope stated
  2026-05-18 Mon 16:15-17:15 "Racquetball - courts 4, 6, and 8 *Reservations required": facility scope, group scope stated
  2026-05-18 Mon 17:00-18:00 "Squash courts 1, 2, 3, 5, 7 and 9 *Reservations required": facility scope, group scope stated
  2026-05-18 Mon 17:15-18:15 "Racquetball - courts 4, 6, and 8 *Reservations required": facility scope, group scope stated
  2026-05-18 Mon 18:00-19:00 "Squash courts 1, 2, 3, 5, 7 and 9 *Reservations required": facility scope, group scope stated
  2026-05-18 Mon 19:00-20:00 "Squash courts 1, 2, 3, 5, 7 and 9 *Reservations required": facility scope, group scope stated
  2026-05-18 Mon 19:15-20:15 "Racquetball - courts 4, 6, and 8 *Reservations required": facility scope, group scope stated
  2026-05-18 Mon 20:00-21:00 "Squash courts 1, 2, 3, 5, 7 and 9 *Reservations required": facility scope, group scope stated
group "Drop-in schedule - skating"
  warning: changes 2026-05-03 Sun to 2026-05-10 Sun, changes 2026-05-16 Sat to 2026-05-18 Mon
