== Brewer Pool and Arena special_hours
- NOTICE "The pool is closed between November 3, 2025 and February 1, 2026."
    date text: "between November 3, 2025 and February 1, 2026"
    dates: 2025-11-03 Mon to 2026-02-01 Sun
    effects: closure
    match: SCOPE_PHRASE
    phrase: "pool"
    at: group "Drop-in schedule - Swim and aquafit"
