== Brewer Pool and Arena schedule_changes "Drop-in schedule - swim and aquafitness"
- IGNORED date-context "Saturday, March 14 and Sunday, March 22"
    at: group "Drop-in schedule - swim and aquafitness"
- NOTICE "See March Break schedule."
    date text: "Saturday, March 14 and Sunday, March 22"
    dates: 2026-03-14 Sat 2026-03-22 Sun
    effects: see-schedule "March Break schedule"
    match: SCOPE_PHRASE
    at: group "Drop-in schedule - swim and aquafitness"
