== Lois Kemp Arena (Blackburn) special_hours
- IGNORED date-context "Tuesday, December 23"
    at: facility
- NOTICE "Family Skate, Noon to 12:50 pm, added"
    date text: "Tuesday, December 23"
    dates: 2025-12-23 Tue
    time: "Noon to 12:50 pm" 12:00-12:50 novel
    effects: added
    match: EXACT
    phrase: "Family Skate"
    at: group "Drop-in schedule - skating" activity "Family skating" sessions 2025-12-23 Tue 12:00-12:50 added
- NOTICE "Public Skate, 1 to 1:50 pm, added"
    date text: "Tuesday, December 23"
    dates: 2025-12-23 Tue
    time: "1 to 1:50 pm" 13:00-13:50 novel
    effects: added
    match: EXACT
    phrase: "Public Skate"
    ambiguities: meridiem-inferred
    at: group "Drop-in schedule - skating" activity "Public skating" sessions 2025-12-23 Tue 13:00-13:50 added
- IGNORED date-context "Saturday, December 27"
    at: facility
- NOTICE "Family Skate, 2 to 2:50 pm, added"
    date text: "Saturday, December 27"
    dates: 2025-12-27 Sat
    time: "2 to 2:50 pm" 14:00-14:50 novel
    effects: added
    match: EXACT
    phrase: "Family Skate"
    ambiguities: meridiem-inferred
    at: group "Drop-in schedule - skating" activity "Family skating" sessions 2025-12-27 Sat 14:00-14:50 added
- NOTICE "Public Skate, 3 to 3:50 pm, added"
    date text: "Saturday, December 27"
    dates: 2025-12-27 Sat
    time: "3 to 3:50 pm" 15:00-15:50 novel
    effects: added
    match: EXACT
    phrase: "Public Skate"
    ambiguities: meridiem-inferred
    at: group "Drop-in schedule - skating" activity "Public skating" sessions 2025-12-27 Sat 15:00-15:50 added
