== South Fallingbrook Community Centre, 2026-07-13 Mon to 2026-08-31 Mon
warning: changes 2026-08-01 Sat to 2026-08-03 Mon
group "Drop-in schedule - gymnasium sports"
  warning: changes 2026-08-01 Sat to 2026-08-03 Mon
  2026-08-01 Sat 08:30-09:30 "Badminton - parent with child": facility scope, group scope stated
  2026-08-01 Sat 09:30-10:30 "Badminton - parent with child": facility scope, group scope stated
  2026-08-01 Sat 11:00-12:00 "Volleyball - parent with child": facility scope, group scope stated
  2026-08-01 Sat 12:45-13:45 "Pickleball - parent with child": facility scope, group scope stated
  2026-08-01 Sat 13:45-14:45 "Pickleball - adult": facility scope, group scope stated
  2026-08-01 Sat 14:45-15:45 "Pickleball - adult": facility scope, group scope stated
