== South Fallingbrook Community Centre, 2026-05-12 Tue to 2026-06-30 Tue
group "Drop-in schedule - gymnasium sports"
  warning: changes 2026-05-21 Thu, changes 2026-05-28 Thu
  2026-05-21 Thu 18:00-19:00 "Pickleball - adult": cancelled
  2026-05-21 Thu 19:00-20:00 "Pickleball - adult": cancelled
  2026-05-21 Thu 20:15-21:15 "Pickleball - adult": cancelled
  2026-05-28 Thu 18:00-19:00 "Pickleball - adult": cancelled
  2026-05-28 Thu 19:00-20:00 "Pickleball - adult": cancelled
  2026-05-28 Thu 20:15-21:15 "Pickleball - adult": cancelled
