== John G. Mlacak Centre schedule_changes "Drop-in schedule - skating"
- IGNORED date-context "Saturday, October 24"
    at: group "Drop-in schedule - skating"
- NOTICE "All drop-in skating, cancelled."
    date text: "Saturday, October 24"
    dates: 2026-10-24 Sat
    time: "" covers [Saturday 6:00 - 6:50pm; Saturday 7:00 - 7:50pm]
    effects: cancelled
    match: SCOPE_PHRASE
    phrase: "All drop-in skating"
    sources: schedule_changes special_hours
    at: group "Drop-in schedule - skating"
- IGNORED date-context "Saturday, October 24"
    at: facility
- IGNORED duplicate "All drop-in skating, cancelled."
    date text: "Saturday, October 24"
    dates: 2026-10-24 Sat
    time: "" covers [Saturday 6:00 - 6:50pm; Saturday 7:00 - 7:50pm]
    match: SCOPE_PHRASE
    phrase: "All drop-in skating"
    duplicate of: schedule_changes "Drop-in schedule - skating" "All drop-in skating, cancelled."
    at: facility
