== Minto Recreation Complex - Barrhaven schedule_changes "Drop-in schedule - swim and aquafit"
- IGNORED date-context "Saturday, October 11 to Monday, October 13"
    at: group "Drop-in schedule - swim and aquafit"
- NOTICE "See Thanksgiving weekend schedule."
    date text: "Saturday, October 11 to Monday, October 13"
    dates: 2025-10-11 Sat to 2025-10-13 Mon
    effects: see-schedule "Thanksgiving weekend schedule" "https://ottawa.ca/en/minto-recreation-complex-barrhaven-holiday-drop-schedule"
    match: SCOPE_PHRASE
    at: group "Drop-in schedule - swim and aquafit"

== Minto Recreation Complex - Barrhaven schedule_changes "Drop-in schedule - weight and cardio room"
- IGNORED date-context "Saturday, October 11 to Monday, October 13"
    at: group "Drop-in schedule - weight and cardio room"
- NOTICE "See Thanksgiving weekend schedule."
    date text: "Saturday, October 11 to Monday, October 13"
    dates: 2025-10-11 Sat to 2025-10-13 Mon
    effects: see-schedule "Thanksgiving weekend schedule" "https://ottawa.ca/en/minto-recreation-complex-barrhaven-holiday-drop-schedule"
    match: SCOPE_PHRASE
    at: group "Drop-in schedule - weight and cardio room"
- IGNORED date-context "Saturday, October 11 to Monday, October 13"
    at: group "Drop-in schedule - group fitness"
- NOTICE "See Thanksgiving weekend schedule."
    date text: "Saturday, October 11 to Monday, October 13"
    dates: 2025-10-11 Sat to 2025-10-13 Mon
    effects: see-schedule "Thanksgiving weekend schedule" "https://ottawa.ca/en/minto-recreation-complex-barrhaven-holiday-drop-schedule"
    match: SCOPE_PHRASE
    at: group "Drop-in schedule - group fitness"
- IGNORED date-context "Saturday, October 11 to Monday, October 13"
    at: group "Drop-in schedule - racquet sports"
- NOTICE "See Thanksgiving weekend schedule."
    date text: "Saturday, October 11 to Monday, October 13"
    dates: 2025-10-11 Sat to 2025-10-13 Mon
    effects: see-schedule "Thanksgiving weekend schedule" "https://ottawa.ca/en/minto-recreation-complex-barrhaven-holiday-drop-schedule"
    match: SCOPE_PHRASE
    at: group "Drop-in schedule - racquet sports"
- IGNORED date-context "Saturday, October 11 to Monday, October 13"
    at: group "Drop-in schedule - sports"
- NOTICE "See Thanksgiving weekend schedule."
    date text: "Saturday, October 11 to Monday, October 13"
    dates: 2025-10-11 Sat to 2025-10-13 Mon
    effects: see-schedule "Thanksgiving weekend schedule" "https://ottawa.ca/en/minto-recreation-complex-barrhaven-holiday-drop-schedule"
    match: SCOPE_PHRASE
    at: group "Drop-in schedule - sports"
- IGNORED date-context "Saturday, October 11 to Monday, October 13"
    at: group "Drop-in schedule - skating"
- NOTICE "See Thanksgiving weekend schedule."
    date text: "Saturday, October 11 to Monday, October 13"
    dates: 2025-10-11 Sat to 2025-10-13 Mon
    effects: see-schedule "Thanksgiving weekend schedule" "https://ottawa.ca/en/minto-recreation-complex-barrhaven-holiday-drop-schedule"
    match: SCOPE_PHRASE
    at: group "Drop-in schedule - skating"

== Minto Recreation Complex - Barrhaven special_hours
- IGNORED date-context "Monday, October 13"
    at: facility
- NOTICE "7 am to 4 pm"
    date text: "Monday, October 13"
    dates: 2025-10-13 Mon
    time: "7 am to 4 pm" 07:00-16:00 unchecked
    effects: modified-hours
    at: facility
