== Minto Recreation Complex - Barrhaven special_hours
- IGNORED date-context "March 23 to April 12"
    at: facility
- NOTICE "The pool is closed for maintenance."
    date text: "March 23 to April 12"
    dates: 2026-03-23 Mon to 2026-04-12 Sun
    effects: closure
    match: SCOPE_PHRASE
    phrase: "pool"
    at: facility

== Minto Recreation Complex - Barrhaven notifications
- IGNORED boilerplate "Pickleball and badminton can now be found in the gymnasium sports schedule."
    at: facility
