== Minto Recreation Complex - Barrhaven schedule_changes "Drop-in schedule - swim and aquafitness"
- IGNORED date-context "Saturday, February 14 to Monday, February 16"
    at: group "Drop-in schedule - swim and aquafitness"
- NOTICE "See Family Day weekend schedule."
    date text: "Saturday, February 14 to Monday, February 16"
    dates: 2026-02-14 Sat to 2026-02-16 Mon
    effects: see-schedule "Family Day weekend schedule"
    match: SCOPE_PHRASE
    at: group "Drop-in schedule - swim and aquafitness"
- IGNORED date-context "Saturday, February 14 to Monday, February 16"
    at: group "Drop-in schedule - weight and cardio room"
- NOTICE "See Family Day weekend schedule."
    date text: "Saturday, February 14 to Monday, February 16"
    dates: 2026-02-14 Sat to 2026-02-16 Mon
    effects: see-schedule "Family Day weekend schedule"
    match: SCOPE_PHRASE
    at: group "Drop-in schedule - weight and cardio room"
- IGNORED date-context "Saturday, February 14 to Monday, February 16"
    at: group "Drop-in schedule - group fitness"
- NOTICE "See Family Day weekend schedule."
    date text: "Saturday, February 14 to Monday, February 16"
    dates: 2026-02-14 Sat to 2026-02-16 Mon
    effects: see-schedule "Family Day weekend schedule"
    match: SCOPE_PHRASE
    at: group "Drop-in schedule - group fitness"

== Minto Recreation Complex - Barrhaven schedule_changes "Drop-in schedule - gymnasium sports"
- IGNORED date-context "Friday, February 13"
    at: group "Drop-in schedule - gymnasium sports"
- NOTICE "All Kinderplay drop-ins, cancelled"
    date text: "Friday, February 13"
    dates: 2026-02-13 Fri
    time: "" covers [Friday 9:00 - 11:00am]
    effects: cancelled
    match: SCOPE_PHRASE
    phrase: "All Kinderplay drop-ins"
    sources: schedule_changes special_hours
    at: group "Drop-in schedule - gymnasium sports" activity "Kinderplay" sessions 2026-02-13 Fri 09:00-11:00
- NOTICE "All pickleball drop-ins, cancelled"
    date text: "Friday, February 13"
    dates: 2026-02-13 Fri
    time: "" covers [Friday 11:45am - 12:45pm; Friday 12:50 - 1:50pm; Friday 1:55 - 2:55pm; Friday 3:00 - 4:00pm]
    effects: cancelled
    match: SCOPE_PHRASE
    phrase: "All pickleball drop-ins"
    sources: schedule_changes special_hours
    at: group "Drop-in schedule - gymnasium sports" activity "Pickleball" sessions 2026-02-13 Fri 11:45-12:45, 2026-02-13 Fri 12:50-13:50, 2026-02-13 Fri 13:55-14:55, 2026-02-13 Fri 15:00-16:00
- IGNORED date-context "Saturday, February 14 to Monday, February 16"
    at: group "Drop-in schedule - gymnasium sports"
- NOTICE "See Family Day weekend schedule."
    date text: "Saturday, February 14 to Monday, February 16"
    dates: 2026-02-14 Sat to 2026-02-16 Mon
    effects: see-schedule "Family Day weekend schedule"
    match: SCOPE_PHRASE
    at: group "Drop-in schedule - gymnasium sports"

== Minto Recreation Complex - Barrhaven schedule_changes "Drop-in schedule - skating"
- IGNORED date-context "Saturday, February 14 to Monday, February 16"
    at: group "Drop-in schedule - skating"
- NOTICE "See Family Day weekend schedule."
    date text: "Saturday, February 14 to Monday, February 16"
    dates: 2026-02-14 Sat to 2026-02-16 Mon
    effects: see-schedule "Family Day weekend schedule"
    match: SCOPE_PHRASE
    at: group "Drop-in schedule - skating"

== Minto Recreation Complex - Barrhaven special_hours
- IGNORED date-context "Friday, February 13"
    at: facility
- NOTICE "All Kinderplay drop-ins, cancelled"
    date text: "Friday, February 13"
    dates: 2026-02-13 Fri
    time: "" covers [Friday 9:00 - 11:00am]
    effects: cancelled
    match: SCOPE_PHRASE
    phrase: "All Kinderplay drop-ins"
    at: group "Drop-in schedule - Family Day weekend" activity "Kinderplay" sessions 2026-02-13 Fri 09:00-11:00
    at: group "Drop-in schedule - gymnasium sports" activity "Kinderplay" sessions 2026-02-13 Fri 09:00-11:00
- IGNORED duplicate "All pickleball drop-ins, cancelled"
    date text: "Friday, February 13"
    dates: 2026-02-13 Fri
    time: "" covers [Friday 11:45am - 12:45pm; Friday 12:50 - 1:50pm; Friday 1:55 - 2:55pm; Friday 3:00 - 4:00pm]
    match: SCOPE_PHRASE
    phrase: "All pickleball drop-ins"
    duplicate of: schedule_changes "Drop-in schedule - gymnasium sports" "All Kinderplay drop-ins, cancelled"
    duplicate of: schedule_changes "Drop-in schedule - gymnasium sports" "All pickleball drop-ins, cancelled"
    at: facility
- IGNORED heading "Family Day hours"
    section: "Family Day hours"
    at: facility
- NOTICE "Monday, February 16, 7 am to 4 pm"
    section: "Family Day hours"
    date text: "Monday, February 16"
    dates: 2026-02-16 Mon
    time: "7 am to 4 pm" 07:00-16:00 unchecked
    effects: modified-hours
    at: facility

== Minto Recreation Complex - Barrhaven notifications
- IGNORED boilerplate "Pickleball and badminton can now be found in the gymnasium sports schedule."
    at: facility
