== CARDELREC Recreation Complex Goulbourn schedule_changes "Drop-in schedule - swim and aquafitness"
- IGNORED date-context "Saturday, August 1 to Monday, August 3"
    at: group "Drop-in schedule - swim and aquafitness"
- NOTICE "See Civic Holiday weekend schedule."
    date text: "Saturday, August 1 to Monday, August 3"
    dates: 2026-08-01 Sat to 2026-08-03 Mon
    effects: see-schedule "Civic Holiday weekend schedule"
    match: SCOPE_PHRASE
    at: group "Drop-in schedule - swim and aquafitness"
- IGNORED date-context "Saturday, August 1 to Monday, August 3"
    at: group "Drop-in schedule - group fitness"
- NOTICE "See Civic Holiday weekend schedule."
    date text: "Saturday, August 1 to Monday, August 3"
    dates: 2026-08-01 Sat to 2026-08-03 Mon
    effects: see-schedule "Civic Holiday weekend schedule"
    match: SCOPE_PHRASE
    at: group "Drop-in schedule - group fitness"
- IGNORED date-context "Saturday, August 1 to Monday, August 3"
    at: group "Drop-in schedule - gymnasium sports"
- NOTICE "See Civic Holiday weekend schedule."
    date text: "Saturday, August 1 to Monday, August 3"
    dates: 2026-08-01 Sat to 2026-08-03 Mon
    effects: see-schedule "Civic Holiday weekend schedule"
    match: SCOPE_PHRASE
    at: group "Drop-in schedule - gymnasium sports"
- IGNORED date-context "Saturday, August 1 to Monday, August 3"
    at: group "Drop-in schedule - skating"
- NOTICE "See Civic Holiday weekend schedule."
    date text: "Saturday, August 1 to Monday, August 3"
    dates: 2026-08-01 Sat to 2026-08-03 Mon
    effects: see-schedule "Civic Holiday weekend schedule"
    match: SCOPE_PHRASE
    at: group "Drop-in schedule - skating"

== CARDELREC Recreation Complex Goulbourn special_hours
- NOTICE "Saturday, August 1 and Sunday, August 2, 7:30 am to 4 pm"
    date text: "Saturday, August 1 and Sunday, August 2"
    dates: 2026-08-01 Sat 2026-08-02 Sun
    time: "7:30 am to 4 pm" 07:30-16:00 unchecked
    effects: modified-hours
    at: facility
- NOTICE "Monday, August 3, 7 am to 4 pm"
    date text: "Monday, August 3"
    dates: 2026-08-03 Mon
    time: "7 am to 4 pm" 07:00-16:00 unchecked
    effects: modified-hours
    at: facility
- IGNORED heading "Closure"
    section: "Closure"
    at: facility
- NOTICE "August 17 to September 7, pool closed for annual maintenance."
    section: "Closure"
    date text: "August 17 to September 7"
    dates: 2026-08-17 Mon to 2026-09-07 Mon
    effects: closure
    match: SCOPE_PHRASE
    phrase: "pool"
    at: facility

== CARDELREC Recreation Complex Goulbourn notifications
- IGNORED boilerplate "Pickleball and badminton can now be found in the gymnasium sports schedule."
    at: facility
