== CARDELREC Recreation Complex Goulbourn schedule_changes "Drop-in schedule - swim and aquafitness"
- IGNORED date-context "Saturday, May 16 to Monday, May 18"
    at: group "Drop-in schedule - swim and aquafitness"
- NOTICE "See Victoria Day weekend schedule."
    date text: "Saturday, May 16 to Monday, May 18"
    dates: 2026-05-16 Sat to 2026-05-18 Mon
    effects: see-schedule "Victoria Day weekend schedule"
    match: SCOPE_PHRASE
    at: group "Drop-in schedule - swim and aquafitness"
- IGNORED date-context "Saturday, May 16 to Monday, May 18"
    at: group "Drop-in schedule - weight and cardio room"
- NOTICE "See Victoria Day weekend schedule."
    date text: "Saturday, May 16 to Monday, May 18"
    dates: 2026-05-16 Sat to 2026-05-18 Mon
    effects: see-schedule "Victoria Day weekend schedule"
    match: SCOPE_PHRASE
    at: group "Drop-in schedule - weight and cardio room"

== CARDELREC Recreation Complex Goulbourn schedule_changes "Drop-in schedule - group fitness"
- IGNORED date-context "Wednesday, May 6"
    at: group "Drop-in schedule - group fitness"
- NOTICE "Step and strength, 9 to 10 am, cancelled"
    date text: "Wednesday, May 6"
    dates: 2026-05-06 Wed
    time: "9 to 10 am" 09:00-10:00 exact [Wednesday 9:00 - 10:00am]
    effects: cancelled
    match: EXACT
    phrase: "Step and strength"
    ambiguities: meridiem-inferred
    at: group "Drop-in schedule - group fitness" activity "Step and strength" sessions 2026-05-06 Wed 09:00-10:00
- IGNORED date-context "Saturday, May 16 to Monday, May 18"
    at: group "Drop-in schedule - group fitness"
- NOTICE "See Victoria Day weekend schedule."
    date text: "Saturday, May 16 to Monday, May 18"
    dates: 2026-05-16 Sat to 2026-05-18 Mon
    effects: see-schedule "Victoria Day weekend schedule"
    match: SCOPE_PHRASE
    at: group "Drop-in schedule - group fitness"

== CARDELREC Recreation Complex Goulbourn schedule_changes "Drop-in schedule - gymnasium sports"
- IGNORED date-context "Saturday, May 16 to Monday, May 18"
    at: group "Drop-in schedule - gymnasium sports"
- NOTICE "See Victoria Day weekend schedule."
    date text: "Saturday, May 16 to Monday, May 18"
    dates: 2026-05-16 Sat to 2026-05-18 Mon
    effects: see-schedule "Victoria Day weekend schedule"
    match: SCOPE_PHRASE
    at: group "Drop-in schedule - gymnasium sports"
- IGNORED date-context "Saturday, May 16 to Monday, May 18"
    at: group "Drop-in schedule - Kinderplay"
- NOTICE "See Victoria Day weekend schedule."
    date text: "Saturday, May 16 to Monday, May 18"
    dates: 2026-05-16 Sat to 2026-05-18 Mon
    effects: see-schedule "Victoria Day weekend schedule"
    match: SCOPE_PHRASE
    at: group "Drop-in schedule - Kinderplay"

== CARDELREC Recreation Complex Goulbourn schedule_changes "Drop-in schedule - skating"
- IGNORED date-context "Saturday, May 16 to Monday, May 18"
    at: group "Drop-in schedule - skating"
- NOTICE "See Victoria Day weekend schedule."
    date text: "Saturday, May 16 to Monday, May 18"
    dates: 2026-05-16 Sat to 2026-05-18 Mon
    effects: see-schedule "Victoria Day weekend schedule"
    match: SCOPE_PHRASE
    at: group "Drop-in schedule - skating"

== CARDELREC Recreation Complex Goulbourn special_hours
- NOTICE "Saturday, May 16, 7:30 am to 4 pm"
    date text: "Saturday, May 16"
    dates: 2026-05-16 Sat
    time: "7:30 am to 4 pm" 07:30-16:00 unchecked
    effects: modified-hours
    at: facility
- NOTICE "Sunday, May 17, 7:30 am to 4 pm"
    date text: "Sunday, May 17"
    dates: 2026-05-17 Sun
    time: "7:30 am to 4 pm" 07:30-16:00 unchecked
    effects: modified-hours
    at: facility
- NOTICE "Monday, May 18, 7 am to 4 pm"
    date text: "Monday, May 18"
    dates: 2026-05-18 Mon
    time: "7 am to 4 pm" 07:00-16:00 unchecked
    effects: modified-hours
    at: facility

== CARDELREC Recreation Complex Goulbourn notifications
- IGNORED boilerplate "Pickleball and badminton can now be found in the gymnasium sports schedule."
    at: facility
