== Fred Barrett Arena schedule_changes "Drop-in schedule - skating"
- IGNORED date-context "Sunday, November 9"
    at: group "Drop-in schedule - skating"
- NOTICE "Family skate, 1 to 1:50 pm, cancelled"
    date text: "Sunday, November 9"
    dates: 2025-11-09 Sun
    time: "1 to 1:50 pm" 13:00-13:50 exact [Sunday 1:00 - 1:50pm]
    effects: cancelled
    match: EXACT
    phrase: "Family skate"
    ambiguities: meridiem-inferred
    sources: schedule_changes special_hours
    at: group "Drop-in schedule - skating" activity "Family skating" sessions 2025-11-09 Sun 13:00-13:50
- NOTICE "Public skate, 2 to 2:50 pm, cancelled"
    date text: "Sunday, November 9"
    dates: 2025-11-09 Sun
    time: "2 to 2:50 pm" 14:00-14:50 exact [Sunday 2:00 - 2:50pm]
    effects: cancelled
    match: EXACT
    phrase: "Public skate"
    ambiguities: meridiem-inferred
    sources: schedule_changes special_hours
    at: group "Drop-in schedule - skating" activity "Public skating" sessions 2025-11-09 Sun 14:00-14:50

== Fred Barrett Arena special_hours
- IGNORED date-context "Sunday, November 9"
    at: facility
- IGNORED duplicate "Family skate, 1 to 1:50 pm, cancelled"
    date text: "Sunday, November 9"
    dates: 2025-11-09 Sun
    time: "1 to 1:50 pm" 13:00-13:50 exact [Sunday 1:00 - 1:50pm]
    match: EXACT
    phrase: "Family skate"
    ambiguities: meridiem-inferred
    duplicate of: schedule_changes "Drop-in schedule - skating" "Family skate, 1 to 1:50 pm, cancelled"
    at: facility
- IGNORED duplicate "Public skate, 2 to 2:50 pm, cancelled"
    date text: "Sunday, November 9"
    dates: 2025-11-09 Sun
    time: "2 to 2:50 pm" 14:00-14:50 exact [Sunday 2:00 - 2:50pm]
    match: EXACT
    phrase: "Public skate"
    ambiguities: meridiem-inferred
    duplicate of: schedule_changes "Drop-in schedule - skating" "Public skate, 2 to 2:50 pm, cancelled"
    at: facility
