== Terry Fox Athletic Facility special_hours
- NOTICE "Civic Holiday, Monday, August 3, closed"
    date text: "Monday, August 3"
    dates: 2026-08-03 Mon
    effects: closure
    at: facility
- NOTICE "September 5, 7 am to 4 pm, closed"
    date text: "September 5"
    dates: 2026-09-05 Sat
    time: "7 am to 4 pm" 07:00-16:00 unchecked
    effects: closure
    at: facility
