== Corkstown Pool special_hours
- NOTICE "Pre-season, June 20 to 28"
    date text: "June 20 to 28"
    dates: 2026-06-20 Sat to 2026-06-28 Sun
    effects: seasonal-hours
    match: SCOPE_PHRASE
    phrase: "Pre-season"
    at: facility
- NOTICE "Regular season, June 29 to August 23"
    date text: "June 29 to August 23"
    dates: 2026-06-29 Mon to 2026-08-23 Sun
    effects: seasonal-hours
    match: SCOPE_PHRASE
    phrase: "Regular season"
    at: facility
