== Kanata Leisure Centre and Wave Pool schedule_changes "Drop-in schedules - group fitness"
- NOTICE "Monday, December 22 to Sunday, January 4 see Winter Break schedule."
    date text: "Monday, December 22 to Sunday, January 4"
    dates: 2025-12-22 Mon to 2026-01-04 Sun
    effects: see-schedule "Winter Break schedule"
    match: SCOPE_PHRASE
    at: group "Drop-in schedules - group fitness"

== Kanata Leisure Centre and Wave Pool special_hours
- NOTICE "December 22 and 23, 7 am to 9 pm"
    date text: "December 22 and 23"
    dates: 2025-12-22 Mon 2025-12-23 Tue
    time: "7 am to 9 pm" 07:00-21:00 unchecked
    effects: modified-hours
    at: facility
- NOTICE "December 24, 7 am to 5 pm"
    date text: "December 24"
    dates: 2025-12-24 Wed
    time: "7 am to 5 pm" 07:00-17:00 unchecked
    effects: modified-hours
    at: facility
- NOTICE "December 25 and 26, closed"
    date text: "December 25 and 26"
    dates: 2025-12-25 Thu 2025-12-26 Fri
    effects: closure
    at: facility
- NOTICE "December 27, 8 am to 8 pm"
    date text: "December 27"
    dates: 2025-12-27 Sat
    time: "8 am to 8 pm" 08:00-20:00 unchecked
    effects: modified-hours
    at: facility
- NOTICE "December 28, 8 am to 6 pm"
    date text: "December 28"
    dates: 2025-12-28 Sun
    time: "8 am to 6 pm" 08:00-18:00 unchecked
    effects: modified-hours
    at: facility
- NOTICE "December 29 and 30, 7 am to 9 pm"
    date text: "December 29 and 30"
    dates: 2025-12-29 Mon 2025-12-30 Tue
    time: "7 am to 9 pm" 07:00-21:00 unchecked
    effects: modified-hours
    at: facility
- NOTICE "December 31, 7 am to 5 pm"
    date text: "December 31"
    dates: 2025-12-31 Wed
    time: "7 am to 5 pm" 07:00-17:00 unchecked
    effects: modified-hours
    at: facility
- NOTICE "January 1, closed"
    date text: "January 1"
    dates: 2026-01-01 Thu
    effects: closure
    at: facility
- NOTICE "January 2, 7 am to 9 pm"
    date text: "January 2"
    dates: 2026-01-02 Fri
    time: "7 am to 9 pm" 07:00-21:00 unchecked
    effects: modified-hours
    at: facility
- NOTICE "January 3, 8 am to 8 pm"
    date text: "January 3"
    dates: 2026-01-03 Sat
    time: "8 am to 8 pm" 08:00-20:00 unchecked
    effects: modified-hours
    at: facility
- NOTICE "January 4, 8 am to 6 pm"
    date text: "January 4"
    dates: 2026-01-04 Sun
    time: "8 am to 6 pm" 08:00-18:00 unchecked
    effects: modified-hours
    at: facility
- IGNORED heading "Closure"
    section: "Closure"
    at: facility
- IGNORED date-context "November 4, 2025 to March 13, 2026"
    section: "Closure"
    at: facility
- NOTICE "The pool is closed for maintenance."
    section: "Closure"
    date text: "November 4, 2025 to March 13, 2026"
    dates: 2025-11-04 Tue to 2026-03-13 Fri
    effects: closure
    match: SCOPE_PHRASE
    phrase: "pool"
    at: group "Drop-in schedules - swim and aquafit"
