== Kanata Leisure Centre and Wave Pool schedule_changes "Drop-in schedule - swim and aquafitness"
- IGNORED date-context "Monday, August 3"
    at: group "Drop-in schedule - swim and aquafitness"
- NOTICE "See Civic Holiday schedule."
    date text: "Monday, August 3"
    dates: 2026-08-03 Mon
    effects: see-schedule "Civic Holiday schedule"
    match: SCOPE_PHRASE
    at: group "Drop-in schedule - swim and aquafitness"
- IGNORED date-context "Monday, August 3"
    at: group "Drop-in schedules - weight and cardio room"
- NOTICE "See Civic Holiday schedule."
    date text: "Monday, August 3"
    dates: 2026-08-03 Mon
    effects: see-schedule "Civic Holiday schedule"
    match: SCOPE_PHRASE
    at: group "Drop-in schedules - weight and cardio room"

== Kanata Leisure Centre and Wave Pool schedule_changes "Drop-in schedules - group fitness"
- IGNORED date-context "Sunday, August 2"
    at: group "Drop-in schedules - group fitness"
- NOTICE "Step and strength, 9 to 10:15 am, cancelled"
    date text: "Sunday, August 2"
    dates: 2026-08-02 Sun
    time: "9 to 10:15 am" 09:00-10:15 exact [Sunday 9:00 - 10:15am]
    effects: cancelled
    match: EXACT
    phrase: "Step and strength"
    ambiguities: meridiem-inferred
    sources: schedule_changes special_hours
    at: group "Drop-in schedules - group fitness" activity "Step and strength" sessions 2026-08-02 Sun 09:00-10:15
- IGNORED date-context "Monday, August 3"
    at: group "Drop-in schedules - group fitness"
- NOTICE "See Civic Holiday schedule."
    date text: "Monday, August 3"
    dates: 2026-08-03 Mon
    effects: see-schedule "Civic Holiday schedule"
    match: SCOPE_PHRASE
    at: group "Drop-in schedules - group fitness"

== Kanata Leisure Centre and Wave Pool special_hours
- IGNORED date-context "Sunday, August 2"
    at: facility
- IGNORED duplicate "Step and strength, 9 to 10:15 am, cancelled"
    date text: "Sunday, August 2"
    dates: 2026-08-02 Sun
    time: "9 to 10:15 am" 09:00-10:15 exact [Sunday 9:00 - 10:15am]
    match: EXACT
    phrase: "Step and strength"
    ambiguities: meridiem-inferred
    duplicate of: schedule_changes "Drop-in schedules - group fitness" "Step and strength, 9 to 10:15 am, cancelled"
    at: facility
- IGNORED heading "Civic Holiday"
    section: "Civic Holiday"
    at: facility
- NOTICE "Monday, August 3, 8 am to 4 pm"
    section: "Civic Holiday"
    date text: "Monday, August 3"
    dates: 2026-08-03 Mon
    time: "8 am to 4 pm" 08:00-16:00 unchecked
    effects: modified-hours
    at: facility
