== Metcalfe Community Centre and Larry Robinson Arena, 2026-01-25 Sun to 2026-03-15 Sun
group "Drop-in schedule - skating"
  warning: changes 2026-02-06 Fri to 2026-02-07 Sat
  2026-02-06 Fri 15:00-15:50 "Family skating": group scope stated
group "Drop-in schedule - ice sports"
  warning: changes 2026-02-06 Fri
  2026-02-06 Fri 16:00-16:50 "Child Hockey (6 to 12 years)": group scope stated
