== Jack Purcell Community Centre schedule_changes "Drop-in schedule - swim and aquafit"
- NOTICE "Monday, December 22 to Friday, January 4, see Winter Break schedule."
    date text: "Monday, December 22 to Friday, January 4"
    dates: 2025-12-22 Mon to 2026-01-04 Sun
    effects: see-schedule "Winter Break schedule"
    match: SCOPE_PHRASE
    ambiguities: weekday-mismatch
    at: group "Drop-in schedule - swim and aquafit"
