== Sawmill Creek Community Centre and Pool schedule_changes "Drop-in schedule - swim and aquafit"
- NOTICE "Monday, December 22 to Sunday, January 4, see Winter Break schedule."
    date text: "Monday, December 22 to Sunday, January 4"
    dates: 2025-12-22 Mon to 2026-01-04 Sun
    effects: see-schedule "Winter Break schedule"
    match: SCOPE_PHRASE
    at: group "Drop-in schedule - swim and aquafit"

== Sawmill Creek Community Centre and Pool schedule_changes "Drop-in schedule - group fitness"
- NOTICE "Monday, December 22 to Sunday, January 4, see Winter Break schedule."
    date text: "Monday, December 22 to Sunday, January 4"
    dates: 2025-12-22 Mon to 2026-01-04 Sun
    effects: see-schedule "Winter Break schedule"
    match: SCOPE_PHRASE
    at: group "Drop-in schedule - group fitness"

== Sawmill Creek Community Centre and Pool special_hours
- NOTICE "December 31 and January 1, closed"
    date text: "December 31 and January 1"
    dates: 2025-12-31 Wed 2026-01-01 Thu
    effects: closure
    at: facility
- NOTICE "Friday, January 2, 8 am to 9 pm"
    date text: "Friday, January 2"
    dates: 2026-01-02 Fri
    time: "8 am to 9 pm" 08:00-21:00 unchecked
    effects: modified-hours
    at: facility
- NOTICE "Saturday, January 3, 11 am to 8:30 pm"
    date text: "Saturday, January 3"
    dates: 2026-01-03 Sat
    time: "11 am to 8:30 pm" 11:00-20:30 unchecked
    effects: modified-hours
    at: facility
- NOTICE "Sunday, January 4, 11 am to 8 pm"
    date text: "Sunday, January 4"
    dates: 2026-01-04 Sun
    time: "11 am to 8 pm" 11:00-20:00 unchecked
    effects: modified-hours
    at: facility
