== Lowertown Community Centre and Pool, 2026-03-31 Tue to 2026-05-19 Tue
group "Drop-in schedule - swimming"
  warning: changes 2026-04-09 Thu
  2026-04-09 Thu 13:00-14:00 "Public swim": cancelled
group "Drop-in schedule - gymnasium sports"
  warning: changes 2026-04-11 Sat
  2026-04-11 Sat 10:30-12:30 "Open gym - family": cancelled
  2026-04-11 Sat 12:30-14:30 "Basketball": cancelled
