== Nepean Seniors Centre, 2025-09-29 Mon to 2025-11-17 Mon
warning: changes 2025-10-11 Sat to 2025-10-13 Mon
group "Drop-in activities"
  warning: changes 2025-10-11 Sat to 2025-10-13 Mon
  2025-10-13 Mon 13:00-15:00 "Bid Euchre": facility scope, group scope stated
  2025-10-13 Mon 13:00-15:00 "Short mat bowling": facility scope, group scope stated
  2025-10-13 Mon 13:00-15:00 "Shuffleboard": facility scope, group scope stated
  2025-10-13 Mon 13:00-15:00 "Sixty Six": facility scope, group scope stated
