== Nepean Seniors Centre, 2025-12-22 Mon to 2026-02-09 Mon
warning: changes 2025-12-31 Wed to 2026-01-01 Thu
group "Drop-in activities"
  warning: changes 2025-12-31 Wed to 2026-01-01 Thu
  2025-12-31 Wed 13:00-15:00 "Contract Bridge": facility scope, group scope stated
  2025-12-31 Wed 13:00-15:00 "Short mat bowling": facility scope, group scope stated
  2025-12-31 Wed 13:00-15:00 "Shuffleboard": facility scope, group scope stated
  2025-12-31 Wed 16:30-20:30 "Social board games": facility scope, group scope stated
  2025-12-31 Wed 18:30-20:30 "Short mat bowling": facility scope, group scope stated
  2026-01-01 Thu 12:00-16:00 "Duplicate Bridge": facility scope, group scope stated
  2026-01-01 Thu 12:30-15:00 "500": facility scope, group scope stated
  2026-01-01 Thu 13:00-15:00 "Cribbage": facility scope, group scope stated
