== Nepean Seniors Centre, 2026-07-11 Sat to 2026-08-29 Sat
warning: changes 2026-08-03 Mon
group "Drop-in activities"
  warning: changes 2026-08-03 Mon
  2026-08-03 Mon 12:30-15:00 "Bid Euchre": facility scope, group scope stated
  2026-08-03 Mon 13:00-15:00 "Shuffleboard": facility scope, group scope stated
  2026-08-03 Mon 13:00-15:00 "Sixty Six": facility scope, group scope stated
