== Hunt Club-Riverside Park Community Centre, 2025-11-03 Mon to 2025-12-22 Mon
group "Drop-in schedule - Racquet sports"
  warning: changes 2025-11-12 Wed to 2025-11-13 Thu
  2025-11-12 Wed 12:00-13:00 "Badminton - adult": cancelled
  2025-11-13 Thu 12:00-13:00 "Pickleball - adult - intermediate": cancelled
  2025-11-13 Thu 13:00-14:00 "Pickleball - adult - intermediate": cancelled
