== Hunt Club-Riverside Park Community Centre, 2025-10-22 Wed to 2025-12-10 Wed
group "Drop-in schedule - Racquet sports"
  warning: changes 2025-11-13 Thu
  2025-11-13 Thu 12:00-13:00 "Pickleball - adult - intermediate": cancelled
  2025-11-13 Thu 13:00-14:00 "Pickleball - adult - intermediate": cancelled
