== Routhier Community Centre, 2025-09-29 Mon to 2025-11-17 Mon
warning: changes 2025-10-13 Mon
group "Drop-in schedule - racquet sports"
  warning: changes 2025-10-13 Mon
  2025-10-13 Mon 18:00-20:00 "Table Tennis": facility scope, group scope stated
group "Drop-in schedule - sports"
  warning: changes 2025-10-13 Mon
  2025-10-13 Mon 16:00-17:30 "Youth - Free Play": facility scope, group scope stated
  2025-10-13 Mon 17:45-19:45 "Volleyball": facility scope, group scope stated
  2025-10-13 Mon 20:00-22:00 "Basketball": facility scope, group scope stated
