== Canterbury Recreation Complex, 2025-12-29 Mon to 2026-02-16 Mon
warning: changes 2025-12-29 Mon to 2026-02-16 Mon
group "Drop-in schedule - swim and aquafit"
  warning: changes 2026-01-07 Wed, changes 2026-01-16 Fri
  2026-01-07 Wed 07:30-08:55 "Lane swim": group scope
  2026-01-07 Wed 09:00-10:00 "Aquafit": group scope
  2026-01-07 Wed 10:00-11:00 "Aquafit": group scope
  2026-01-07 Wed 11:05-13:00 "Lane swim": group scope
  2026-01-07 Wed 17:35-19:30 "Public swim *Reservations not required": group scope
  2026-01-07 Wed 20:35-22:00 "Lane swim": group scope
group "Drop-in schedule - gymnasium sports"
  warning: changes 2026-01-07 Wed
  2026-01-07 Wed 09:00-10:00 "Table tennis": group scope
  2026-01-07 Wed 10:00-11:00 "Table tennis": group scope
  2026-01-07 Wed 11:00-12:00 "Table tennis": group scope
group "Drop-in schedule - skating"
  warning: changes 2026-01-07 Wed
  2026-01-07 Wed 11:00-12:00 "Adult skating": group scope
  2026-01-07 Wed 12:00-13:00 "Public skating": group scope
