== J.A. Dulude Arena, 2026-08-20 Thu to 2026-10-08 Thu
group "Drop-in schedule - skating"
  warning: changes 2026-09-13 Sun to 2026-10-08 Thu
  2026-09-13 Sun 15:00-15:50 "Family skating": group scope stated
  2026-09-13 Sun 16:00-16:50 "Public skating": group scope stated
  2026-09-14 Mon 10:00-10:50 "Adult 50+ skating": group scope stated
  2026-09-14 Mon 11:00-11:50 "Public skating": group scope stated
  2026-09-15 Tue 10:00-10:50 "Adult 50+ skating": group scope stated
  2026-09-15 Tue 11:00-11:50 "Public skating": group scope stated
  2026-09-17 Thu 11:00-11:50 "Adult 50+ skating": group scope stated
  2026-09-17 Thu 12:00-12:50 "Public skating": group scope stated
  2026-09-17 Thu 18:00-18:50 "Public skating": group scope stated
  2026-09-17 Thu 19:00-19:50 "Figure skating (6+) *Reservation required": group scope stated
  2026-09-18 Fri 11:00-11:50 "Adult 50+ skating": group scope stated
  2026-09-18 Fri 12:00-12:50 "Public skating": group scope stated
  2026-09-19 Sat 13:00-13:50 "Family skating": group scope stated
  2026-09-19 Sat 14:00-14:50 "Public skating": group scope stated
  2026-09-20 Sun 15:00-15:50 "Family skating": group scope stated
  2026-09-20 Sun 16:00-16:50 "Public skating": group scope stated
  2026-09-21 Mon 10:00-10:50 "Adult 50+ skating": group scope stated
  2026-09-21 Mon 11:00-11:50 "Public skating": group scope stated
  2026-09-22 Tue 10:00-10:50 "Adult 50+ skating": group scope stated
  2026-09-22 Tue 11:00-11:50 "Public skating": group scope stated
  2026-09-24 Thu 11:00-11:50 "Adult 50+ skating": group scope stated
  2026-09-24 Thu 12:00-12:50 "Public skating": group scope stated
  2026-09-24 Thu 18:00-18:50 "Public skating": group scope stated
  2026-09-24 Thu 19:00-19:50 "Figure skating (6+) *Reservation required": group scope stated
  2026-09-25 Fri 11:00-11:50 "Adult 50+ skating": group scope stated
  2026-09-25 Fri 12:00-12:50 "Public skating": group scope stated
  2026-09-26 Sat 13:00-13:50 "Family skating": group scope stated
  2026-09-26 Sat 14:00-14:50 "Public skating": group scope stated
  2026-09-27 Sun 15:00-15:50 "Family skating": group scope stated
  2026-09-27 Sun 16:00-16:50 "Public skating": group scope stated
  2026-09-28 Mon 10:00-10:50 "Adult 50+ skating": group scope stated
  2026-09-28 Mon 11:00-11:50 "Public skating": group scope stated
  2026-09-29 Tue 10:00-10:50 "Adult 50+ skating": group scope stated
  2026-09-29 Tue 11:00-11:50 "Public skating": group scope stated
  2026-10-01 Thu 11:00-11:50 "Adult 50+ skating": group scope stated
  2026-10-01 Thu 12:00-12:50 "Public skating": group scope stated
  2026-10-01 Thu 18:00-18:50 "Public skating": group scope stated
  2026-10-01 Thu 19:00-19:50 "Figure skating (6+) *Reservation required": group scope stated
  2026-10-02 Fri 11:00-11:50 "Adult 50+ skating": group scope stated
  2026-10-02 Fri 12:00-12:50 "Public skating": group scope stated
  2026-10-03 Sat 13:00-13:50 "Family skating": group scope stated
  2026-10-03 Sat 14:00-14:50 "Public skating": group scope stated
  2026-10-04 Sun 15:00-15:50 "Family skating": group scope stated
  2026-10-04 Sun 16:00-16:50 "Public skating": group scope stated
  2026-10-05 Mon 10:00-10:50 "Adult 50+ skating": group scope stated
  2026-10-05 Mon 11:00-11:50 "Public skating": group scope stated
  2026-10-06 Tue 10:00-10:50 "Adult 50+ skating": group scope stated
  2026-10-06 Tue 11:00-11:50 "Public skating": group scope stated
  2026-10-08 Thu 11:00-11:50 "Adult 50+ skating": group scope stated
  2026-10-08 Thu 12:00-12:50 "Public skating": group scope stated
  2026-10-08 Thu 18:00-18:50 "Public skating": group scope stated
  2026-10-08 Thu 19:00-19:50 "Figure skating (6+) *Reservation required": group scope stated
