== Richelieu Vanier Community Centre schedule_changes "Drop-in schedule - gymnasium sports"
- IGNORED date-context "Monday, August 3"
    at: group "Drop-in schedule - gymnasium sports"
- NOTICE "From 11 am to 2 pm, all drop-in programs are cancelled."
    date text: "Monday, August 3"
    dates: 2026-08-03 Mon
    time: "11 am to 2 pm" 11:00-14:00 none
    effects: cancelled
    match: SCOPE_PHRASE
    phrase: "all drop-in programs"
    ambiguities: no-slot-overlap
    at: group "Drop-in schedule - gymnasium sports"

== Richelieu Vanier Community Centre special_hours
- NOTICE "Monday, August 3, 11 am to 2 pm"
    date text: "Monday, August 3"
    dates: 2026-08-03 Mon
    time: "11 am to 2 pm" 11:00-14:00 unchecked
    ambiguities: hours-context-unknown
    at: facility
