== Ray Friel Recreation Complex special_hours
- NOTICE "Monday, August 3, closed"
    date text: "Monday, August 3"
    dates: 2026-08-03 Mon
    effects: closure
    at: facility
- IGNORED heading "Closure"
    section: "Closure"
    at: facility
- NOTICE "The diving board is closed until further notice."
    section: "Closure"
    dates: open-ended
    effects: closure
    match: NONE
    phrase: "diving board"
    amenity: "diving board"
    at: facility
