== Ray Friel Recreation Complex schedule_changes "Drop-in schedule - swim and aquafitness"
- IGNORED date-context "Wednesday, July 1"
    at: group "Drop-in schedule - swim and aquafitness"
- NOTICE "The facility is closed and all programs cancelled."
    date text: "Wednesday, July 1"
    dates: 2026-07-01 Wed
    effects: cancelled, closure
    match: SCOPE_PHRASE
    at: group "Drop-in schedule - swim and aquafitness"
- IGNORED date-context "Wednesday, July 1"
    at: group "Drop-in schedule - weight and cardio room"
- NOTICE "The facility is closed and all programs cancelled."
    date text: "Wednesday, July 1"
    dates: 2026-07-01 Wed
    effects: cancelled, closure
    match: SCOPE_PHRASE
    at: group "Drop-in schedule - weight and cardio room"
- IGNORED date-context "Wednesday, July 1"
    at: group "Drop-in schedule - group fitness"
- NOTICE "The facility is closed and all programs cancelled."
    date text: "Wednesday, July 1"
    dates: 2026-07-01 Wed
    effects: cancelled, closure
    match: SCOPE_PHRASE
    at: group "Drop-in schedule - group fitness"
- IGNORED date-context "Wednesday, July 1"
    at: group "Drop-in schedule - skating"
- NOTICE "The facility is closed and all programs cancelled."
    date text: "Wednesday, July 1"
    dates: 2026-07-01 Wed
    effects: cancelled, closure
    match: SCOPE_PHRASE
    at: group "Drop-in schedule - skating"

== Ray Friel Recreation Complex special_hours
- NOTICE "The diving board is closed until further notice."
    dates: open-ended
    effects: closure
    match: NONE
    phrase: "diving board"
    amenity: "diving board"
    at: facility
- IGNORED date-context "June 8 to 21"
    at: facility
- NOTICE "The pool is closed for annual maintenance."
    date text: "June 8 to 21"
    dates: 2026-06-08 Mon to 2026-06-21 Sun
    effects: closure
    match: SCOPE_PHRASE
    phrase: "pool"
    at: facility
- IGNORED heading "Modified hours"
    section: "Modified hours"
    at: facility
- NOTICE "Wednesday, July 1, closed"
    section: "Modified hours"
    date text: "Wednesday, July 1"
    dates: 2026-07-01 Wed
    effects: closure
    at: facility
