== Glen Cairn Pool, 2026-06-11 Thu to 2026-07-30 Thu
warning: notice 2026-06-13 Sat to 2026-06-30 Tue, changes 2026-07-01 Wed, notice 2026-07-02 Thu to 2026-07-30 Thu
group "Drop-in schedule - Swimming"
  warning: changes 2026-07-01 Wed, changes 2026-07-06 Mon to 2026-07-10 Fri, changes 2026-07-27 Mon to 2026-07-30 Thu
  2026-07-06 Mon 09:00-12:00 "Lane Swim - shared pool": likely cancelled
  2026-07-07 Tue 09:00-12:00 "Lane Swim - shared pool": likely cancelled
  2026-07-08 Wed 09:00-12:00 "Lane Swim - shared pool": likely cancelled
  2026-07-09 Thu 09:00-12:00 "Lane Swim - shared pool": likely cancelled
  2026-07-10 Fri 09:00-12:00 "Lane Swim - shared pool": likely cancelled
  2026-07-27 Mon 09:00-12:00 "Lane Swim - shared pool": likely cancelled
  2026-07-28 Tue 09:00-12:00 "Lane Swim - shared pool": likely cancelled
  2026-07-29 Wed 09:00-12:00 "Lane Swim - shared pool": likely cancelled
  2026-07-30 Thu 09:00-12:00 "Lane Swim - shared pool": likely cancelled
