== Sandy Hill Arena, 2025-12-04 Thu to 2026-01-22 Thu
group "Drop-in schedule - skating"
  warning: changes 2025-12-13 Sat
  2025-12-13 Sat 20:00-20:50 "Family skating": cancelled
  2025-12-13 Sat 21:00-21:50 "Public skating": cancelled
group "Drop-in schedule - ice sports"
  warning: changes 2025-12-13 Sat
  2025-12-13 Sat 22:00-22:50 "Figure skating": cancelled
