== Sandy Hill Arena, 2026-01-02 Fri to 2026-02-20 Fri
group "Drop-in schedule - skating"
  warning: changes 2026-01-10 Sat
  2026-01-10 Sat 20:00-20:50 "Family skating": group scope stated
  2026-01-10 Sat 21:00-21:50 "Public skating": group scope stated
group "Drop-in schedule - ice sports"
  warning: changes 2026-01-10 Sat
  2026-01-10 Sat 22:00-22:50 "Figure skating": group scope stated
