== Eva James Memorial Community Centre schedule_changes "Drop-in schedule - racquet sports"
- IGNORED date-context "Saturday, December 20 to Sunday, January 4"
    at: group "Drop-in schedule - racquet sports"
- NOTICE "See Winter Break schedule."
    date text: "Saturday, December 20 to Sunday, January 4"
    dates: 2025-12-20 Sat to 2026-01-04 Sun
    effects: see-schedule "Winter Break schedule" "https://ottawa.ca/en/eva-james-memorial-community-centre-holiday-drop-schedule"
    match: SCOPE_PHRASE
    at: group "Drop-in schedule - racquet sports"

== Eva James Memorial Community Centre schedule_changes "Drop-in schedule - sports"
- IGNORED date-context "Saturday, December 20 to Sunday, January 4"
    at: group "Drop-in schedule - sports"
- NOTICE "See Winter Break schedule."
    date text: "Saturday, December 20 to Sunday, January 4"
    dates: 2025-12-20 Sat to 2026-01-04 Sun
    effects: see-schedule "Winter Break schedule" "https://ottawa.ca/en/eva-james-memorial-community-centre-holiday-drop-schedule"
    match: SCOPE_PHRASE
    at: group "Drop-in schedule - sports"

== Eva James Memorial Community Centre special_hours
- NOTICE "December 20 to 23, 9 am to 4:30 pm"
    date text: "December 20 to 23"
    dates: 2025-12-20 Sat to 2025-12-23 Tue
    time: "9 am to 4:30 pm" 09:00-16:30 unchecked
    effects: modified-hours
    at: facility
- NOTICE "December 24 to 26, closed"
    date text: "December 24 to 26"
    dates: 2025-12-24 Wed to 2025-12-26 Fri
    effects: closure
    at: facility
- NOTICE "December 27 to 30, 9 am to 4:30 pm"
    date text: "December 27 to 30"
    dates: 2025-12-27 Sat to 2025-12-30 Tue
    time: "9 am to 4:30 pm" 09:00-16:30 unchecked
    effects: modified-hours
    at: facility
- NOTICE "December 31 and January 1, closed"
    date text: "December 31 and January 1"
    dates: 2025-12-31 Wed 2026-01-01 Thu
    effects: closure
    at: facility
- NOTICE "January 2 to 4, 9 am to 4:30 pm"
    date text: "January 2 to 4"
    dates: 2026-01-02 Fri to 2026-01-04 Sun
    time: "9 am to 4:30 pm" 09:00-16:30 unchecked
    effects: modified-hours
    at: facility
