== Eva James Memorial Community Centre schedule_changes "Drop-in schedule - gymnasium sports"
- IGNORED date-context "Monday, March 16 to Sunday, March 22"
    at: group "Drop-in schedule - gymnasium sports"
- NOTICE "See March Break schedule."
    date text: "Monday, March 16 to Sunday, March 22"
    dates: 2026-03-16 Mon to 2026-03-22 Sun
    effects: see-schedule "March Break schedule"
    match: SCOPE_PHRASE
    at: group "Drop-in schedule - gymnasium sports"

== Eva James Memorial Community Centre special_hours
- IGNORED date-context "Monday, March 16 to Friday, March 20"
    at: facility
- NOTICE "8 am to 5 pm"
    date text: "Monday, March 16 to Friday, March 20"
    dates: 2026-03-16 Mon to 2026-03-20 Fri
    time: "8 am to 5 pm" 08:00-17:00 unchecked
    effects: modified-hours
    at: facility
- IGNORED date-context "Saturday, March 21 and Sunday, March 22"
    at: facility
- NOTICE "9 am to 4:30 pm"
    date text: "Saturday, March 21 and Sunday, March 22"
    dates: 2026-03-21 Sat 2026-03-22 Sun
    time: "9 am to 4:30 pm" 09:00-16:30 unchecked
    effects: modified-hours
    at: facility

== Eva James Memorial Community Centre notifications
- IGNORED boilerplate "Pickleball and badminton can now be found in the gymnasium sports schedule."
    at: facility
