== Jim Tubman Chevrolet Rink, 2026-08-01 Sat to 2026-09-19 Sat
warning: changes 2026-08-08 Sat, changes 2026-08-22 Sat, changes 2026-08-29 Sat
group "Drop-in schedule - Summer"
  2026-08-08 Sat 16:00-18:30 "Lacrosse - all ages": facility scope
  2026-08-08 Sat 18:30-20:00 "Ball hockey - child": facility scope
  2026-08-08 Sat 20:00-21:00 "Roller hockey - youth": facility scope
  2026-08-08 Sat 21:00-22:00 "Roller hockey - adult": facility scope
  2026-08-22 Sat 16:00-18:30 "Lacrosse - all ages": facility scope
  2026-08-22 Sat 18:30-20:00 "Ball hockey - child": facility scope
  2026-08-22 Sat 20:00-21:00 "Roller hockey - youth": facility scope
  2026-08-22 Sat 21:00-22:00 "Roller hockey - adult": facility scope
  2026-08-29 Sat 16:00-18:30 "Lacrosse - all ages": facility scope
  2026-08-29 Sat 18:30-20:00 "Ball hockey - child": facility scope
  2026-08-29 Sat 20:00-21:00 "Roller hockey - youth": facility scope
  2026-08-29 Sat 21:00-22:00 "Roller hockey - adult": facility scope
