== Jim Durrell Recreation Centre, 2026-08-25 Tue to 2026-10-13 Tue
warning: changes 2026-08-25 Tue to 2026-10-13 Tue
group "Drop-in schedule - skating"
  warning: changes 2026-09-15 Tue
  2026-09-15 Tue 11:00-11:50 "Adult 18+ skating": group scope stated
group "Drop-in schedule - ice sports"
  warning: changes 2026-09-15 Tue
  2026-09-15 Tue 12:00-12:50 "Hockey 35+": group scope stated
