== Diane Deans Greenboro Community Centre schedule_changes "Drop-in schedule - group fitness"
- IGNORED date-context "Sunday, October 11"
    at: group "Drop-in schedule - group fitness"
- NOTICE "Cardio and Strength, 9 to 10 am, cancelled"
    date text: "Sunday, October 11"
    dates: 2026-10-11 Sun
    time: "9 to 10 am" 09:00-10:00 exact [Sunday 9:00 - 10:00am]
    effects: cancelled
    match: EXACT
    phrase: "Cardio and Strength"
    ambiguities: meridiem-inferred
    at: group "Drop-in schedule - group fitness" activity "Cardio and Strength" sessions 2026-10-11 Sun 09:00-10:00

== Diane Deans Greenboro Community Centre schedule_changes "Drop-in schedule - gymnasium sports"
- IGNORED date-context "Sunday, October 11"
    at: group "Drop-in schedule - gymnasium sports"
- NOTICE "Pickleball - All levels, 10:30 to 11:30 am, cancelled"
    date text: "Sunday, October 11"
    dates: 2026-10-11 Sun
    time: "10:30 to 11:30 am" 10:30-11:30 exact [Sunday 10:30 - 11:30am]
    effects: cancelled
    match: EXACT
    phrase: "Pickleball - All levels"
    ambiguities: meridiem-inferred
    at: group "Drop-in schedule - gymnasium sports" activity "Pickleball - All Levels" sessions 2026-10-11 Sun 10:30-11:30
