== Jack Purcell Community Centre, 2025-12-16 Tue to 2026-02-03 Tue
warning: changes 2025-12-24 Wed to 2025-12-26 Fri, changes 2025-12-31 Wed to 2026-01-01 Thu
group "Drop-in schedule - swim and aquafit"
  warning: changes 2025-12-22 Mon to 2026-01-04 Sun
group "Drop-in schedule - weight and cardio room"
  2025-12-25 Thu 07:30-20:00 "Weight and cardio room": facility scope
  2025-12-26 Fri 07:30-20:00 "Weight and cardio room": facility scope
  2026-01-01 Thu 07:30-20:00 "Weight and cardio room": facility scope
