== Richcraft Recreation Complex-Kanata special_hours
- IGNORED date-context "Tuesday, September 8 to Sunday, September 27"
    at: facility
- NOTICE "The pool is closed for annual maintenance. All swim drop-ins are cancelled."
    date text: "Tuesday, September 8 to Sunday, September 27"
    dates: 2026-09-08 Tue to 2026-09-27 Sun
    effects: closure
    match: SCOPE_PHRASE
    phrase: "pool"
    at: group "Drop-in schedule - swim and aquafitness"
- NOTICE "The pool is closed for annual maintenance. All swim drop-ins are cancelled."
    date text: "Tuesday, September 8 to Sunday, September 27"
    dates: 2026-09-08 Tue to 2026-09-27 Sun
    effects: cancelled
    match: SCOPE_PHRASE
    phrase: "All swim drop-ins"
    at: group "Drop-in schedule - swim and aquafitness" activity "Lane swim *Reservations not required."
    at: group "Drop-in schedule - swim and aquafitness" activity "Lane swim - reduced *Reservations not required."
    at: group "Drop-in schedule - swim and aquafitness" activity "Preschool swim - leisure pool only"
    at: group "Drop-in schedule - swim and aquafitness" activity "Public swim *Reservations not required."
    at: group "Drop-in schedule - swim and aquafitness" activity "Public swim - leisure pool only *Reservations not required."
