== Richcraft Recreation Complex-Kanata schedule_changes "Drop-in schedule - swim and aquafitness"
- IGNORED date-context "Saturday, May 16 to Monday, May 18"
    at: group "Drop-in schedule - swim and aquafitness"
- NOTICE "See Victoria Day weekend schedule."
    date text: "Saturday, May 16 to Monday, May 18"
    dates: 2026-05-16 Sat to 2026-05-18 Mon
    effects: see-schedule "Victoria Day weekend schedule"
    match: SCOPE_PHRASE
    at: group "Drop-in schedule - swim and aquafitness"
- IGNORED date-context "Saturday, May 16 to Monday, May 18"
    at: group "Drop-in schedule - weight and cardio room"
- NOTICE "See Victoria Day weekend schedule."
    date text: "Saturday, May 16 to Monday, May 18"
    dates: 2026-05-16 Sat to 2026-05-18 Mon
    effects: see-schedule "Victoria Day weekend schedule"
    match: SCOPE_PHRASE
    at: group "Drop-in schedule - weight and cardio room"

== Richcraft Recreation Complex-Kanata schedule_changes "Drop-in schedule - group fitness"
- IGNORED date-context "Friday, May 8"
    at: group "Drop-in schedule - group fitness"
- NOTICE "Zumba, 6 to 7 pm, cancelled"
    date text: "Friday, May 8"
    dates: 2026-05-08 Fri
    time: "6 to 7 pm" 18:00-19:00 exact [Friday 6:00 - 7:00pm]
    effects: cancelled
    match: EXACT
    phrase: "Zumba"
    ambiguities: meridiem-inferred
    sources: schedule_changes special_hours
    at: group "Drop-in schedule - group fitness" activity "Zumba" sessions 2026-05-08 Fri 18:00-19:00
- NOTICE "Zumba, 7 to 8 pm, cancelled"
    date text: "Friday, May 8"
    dates: 2026-05-08 Fri
    time: "7 to 8 pm" 19:00-20:00 exact [Friday 7:00 - 8:00pm]
    effects: cancelled
    match: EXACT
    phrase: "Zumba"
    ambiguities: meridiem-inferred
    sources: schedule_changes special_hours
    at: group "Drop-in schedule - group fitness" activity "Zumba" sessions 2026-05-08 Fri 19:00-20:00
- NOTICE "Zumba, 6 to 8 pm, added"
    date text: "Friday, May 8"
    dates: 2026-05-08 Fri
    time: "6 to 8 pm" 18:00-20:00 covers [Friday 6:00 - 7:00pm; Friday 7:00 - 8:00pm]
    effects: added
    match: EXACT
    phrase: "Zumba"
    ambiguities: meridiem-inferred
    sources: schedule_changes special_hours
    at: group "Drop-in schedule - group fitness" activity "Zumba" sessions 2026-05-08 Fri 18:00-20:00 added
- IGNORED date-context "Saturday, May 16 to Monday, May 18"
    at: group "Drop-in schedule - group fitness"
- NOTICE "See Victoria Day weekend schedule."
    date text: "Saturday, May 16 to Monday, May 18"
    dates: 2026-05-16 Sat to 2026-05-18 Mon
    effects: see-schedule "Victoria Day weekend schedule"
    match: SCOPE_PHRASE
    at: group "Drop-in schedule - group fitness"
- IGNORED date-context "Friday, May 22"
    at: group "Drop-in schedule - group fitness"
- NOTICE "Zumba Gold, 9:30 to 10:30 am, cancelled"
    date text: "Friday, May 22"
    dates: 2026-05-22 Fri
    time: "9:30 to 10:30 am" 09:30-10:30 exact [Friday 9:30 - 10:30am]
    effects: cancelled
    match: EXACT
    phrase: "Zumba Gold"
    ambiguities: meridiem-inferred
    sources: schedule_changes special_hours
    at: group "Drop-in schedule - group fitness" activity "Zumba Gold" sessions 2026-05-22 Fri 09:30-10:30
- NOTICE "Zumba Gold, 10:30 to 11:30 am, added"
    date text: "Friday, May 22"
    dates: 2026-05-22 Fri
    time: "10:30 to 11:30 am" 10:30-11:30 novel
    effects: added
    match: EXACT
    phrase: "Zumba Gold"
    ambiguities: meridiem-inferred
    sources: schedule_changes special_hours
    at: group "Drop-in schedule - group fitness" activity "Zumba Gold" sessions 2026-05-22 Fri 10:30-11:30 added
- IGNORED date-context "Friday, May 29"
    at: group "Drop-in schedule - group fitness"
- NOTICE "Zumba Gold, 9:30 to 10:30 am, cancelled"
    date text: "Friday, May 29"
    dates: 2026-05-29 Fri
    time: "9:30 to 10:30 am" 09:30-10:30 exact [Friday 9:30 - 10:30am]
    effects: cancelled
    match: EXACT
    phrase: "Zumba Gold"
    ambiguities: meridiem-inferred
    sources: schedule_changes special_hours
    at: group "Drop-in schedule - group fitness" activity "Zumba Gold" sessions 2026-05-29 Fri 09:30-10:30
- NOTICE "Zumba Gold, 10:30 to 11:30 am, added"
    date text: "Friday, May 29"
    dates: 2026-05-29 Fri
    time: "10:30 to 11:30 am" 10:30-11:30 novel
    effects: added
    match: EXACT
    phrase: "Zumba Gold"
    ambiguities: meridiem-inferred
    sources: schedule_changes special_hours
    at: group "Drop-in schedule - group fitness" activity "Zumba Gold" sessions 2026-05-29 Fri 10:30-11:30 added

== Richcraft Recreation Complex-Kanata schedule_changes "Drop-in schedule - gymnasium sports"
- IGNORED date-context "Saturday, May 16 to Monday, May 18"
    at: group "Drop-in schedule - gymnasium sports"
- NOTICE "See Victoria Day weekend schedule."
    date text: "Saturday, May 16 to Monday, May 18"
    dates: 2026-05-16 Sat to 2026-05-18 Mon
    effects: see-schedule "Victoria Day weekend schedule"
    match: SCOPE_PHRASE
    at: group "Drop-in schedule - gymnasium sports"

== Richcraft Recreation Complex-Kanata special_hours
- IGNORED date-context "Saturday, May 16 to Monday, May 18"
    at: facility
- NOTICE "10 am to 4 pm"
    date text: "Saturday, May 16 to Monday, May 18"
    dates: 2026-05-16 Sat to 2026-05-18 Mon
    time: "10 am to 4 pm" 10:00-16:00 unchecked
    effects: modified-hours
    at: facility
- IGNORED heading "Schedule changes"
    section: "Schedule changes"
    at: facility
- IGNORED date-context "Friday, May 8"
    section: "Schedule changes"
    at: facility
- IGNORED duplicate "Zumba, 6 to 7 pm, cancelled"
    section: "Schedule changes"
    date text: "Friday, May 8"
    dates: 2026-05-08 Fri
    time: "6 to 7 pm" 18:00-19:00 exact [Friday 6:00 - 7:00pm]
    match: EXACT
    phrase: "Zumba"
    ambiguities: meridiem-inferred
    duplicate of: schedule_changes "Drop-in schedule - group fitness" "Zumba, 6 to 7 pm, cancelled"
    at: facility
- IGNORED duplicate "Zumba, 7 to 8 pm, cancelled"
    section: "Schedule changes"
    date text: "Friday, May 8"
    dates: 2026-05-08 Fri
    time: "7 to 8 pm" 19:00-20:00 exact [Friday 7:00 - 8:00pm]
    match: EXACT
    phrase: "Zumba"
    ambiguities: meridiem-inferred
    duplicate of: schedule_changes "Drop-in schedule - group fitness" "Zumba, 7 to 8 pm, cancelled"
    at: facility
- IGNORED duplicate "Zumba, 6 to 8 pm, added"
    section: "Schedule changes"
    date text: "Friday, May 8"
    dates: 2026-05-08 Fri
    time: "6 to 8 pm" 18:00-20:00 covers [Friday 6:00 - 7:00pm; Friday 7:00 - 8:00pm]
    match: EXACT
    phrase: "Zumba"
    ambiguities: meridiem-inferred
    duplicate of: schedule_changes "Drop-in schedule - group fitness" "Zumba, 6 to 8 pm, added"
    at: facility
- IGNORED date-context "Friday, May 22"
    section: "Schedule changes"
    at: facility
- IGNORED duplicate "Zumba Gold, 9:30 to 10:30 am, cancelled"
    section: "Schedule changes"
    date text: "Friday, May 22"
    dates: 2026-05-22 Fri
    time: "9:30 to 10:30 am" 09:30-10:30 exact [Friday 9:30 - 10:30am]
    match: EXACT
    phrase: "Zumba Gold"
    ambiguities: meridiem-inferred
    duplicate of: schedule_changes "Drop-in schedule - group fitness" "Zumba Gold, 9:30 to 10:30 am, cancelled"
    at: facility
- IGNORED duplicate "Zumba Gold, 10:30 to 11:30 am, added"
    section: "Schedule changes"
    date text: "Friday, May 22"
    dates: 2026-05-22 Fri
    time: "10:30 to 11:30 am" 10:30-11:30 novel
    match: EXACT
    phrase: "Zumba Gold"
    ambiguities: meridiem-inferred
    duplicate of: schedule_changes "Drop-in schedule - group fitness" "Zumba Gold, 10:30 to 11:30 am, added"
    at: facility
- IGNORED date-context "Friday, May 29"
    section: "Schedule changes"
    at: facility
- IGNORED duplicate "Zumba Gold, 9:30 to 10:30 am, cancelled"
    section: "Schedule changes"
    date text: "Friday, May 29"
    dates: 2026-05-29 Fri
    time: "9:30 to 10:30 am" 09:30-10:30 exact [Friday 9:30 - 10:30am]
    match: EXACT
    phrase: "Zumba Gold"
    ambiguities: meridiem-inferred
    duplicate of: schedule_changes "Drop-in schedule - group fitness" "Zumba Gold, 9:30 to 10:30 am, cancelled"
    at: facility
- IGNORED duplicate "Zumba Gold, 10:30 to 11:30 am, added"
    section: "Schedule changes"
    date text: "Friday, May 29"
    dates: 2026-05-29 Fri
    time: "10:30 to 11:30 am" 10:30-11:30 novel
    match: EXACT
    phrase: "Zumba Gold"
    ambiguities: meridiem-inferred
    duplicate of: schedule_changes "Drop-in schedule - group fitness" "Zumba Gold, 10:30 to 11:30 am, added"
    at: facility

== Richcraft Recreation Complex-Kanata notifications
- IGNORED boilerplate "Pickleball, badminton and table tennis can now be found in the gymnasium sports schedule."
    at: facility
