== Richcraft Recreation Complex-Kanata special_hours
- IGNORED date-context "Saturday, August 15"
    at: facility
- NOTICE "Facility Hours, 8 am to 4 pm"
    date text: "Saturday, August 15"
    dates: 2026-08-15 Sat
    time: "8 am to 4 pm" 08:00-16:00 unchecked
    effects: modified-hours
    at: facility
- NOTICE "Event Hours, 11 am to 3 pm"
    date text: "Saturday, August 15"
    dates: 2026-08-15 Sat
    time: "11 am to 3 pm" 11:00-15:00 unchecked
    match: NONE
    phrase: "Event Hours"
    ambiguities: freeform-item
    at: facility
- NOTICE "The weight and cardio room will remain open."
    date text: "Saturday, August 15"
    dates: 2026-08-15 Sat
    match: FUZZY
    phrase: "The weight and cardio room will remain open"
    at: group "Drop-in schedule - weight and cardio room" activity "Weight and cardio room"
- NOTICE "All other areas of the facility will be closed during the event."
    date text: "Saturday, August 15"
    dates: 2026-08-15 Sat
    match: NONE
    phrase: "All other areas of the facility will be closed during the event"
    ambiguities: class-unmatched
    at: facility
- IGNORED supplementary "Details about the event"
    date text: "Saturday, August 15"
    at: facility

== Richcraft Recreation Complex-Kanata notifications
- IGNORED boilerplate "Pickleball, badminton and table tennis can now be found in the gymnasium sports schedule."
    at: facility
