== Richcraft Recreation Complex-Kanata, 2025-09-29 Mon to 2025-11-17 Mon
warning: changes 2025-10-13 Mon
group "Drop-in schedule - swim and aquafit"
  warning: changes 2025-10-08 Wed, changes 2025-10-11 Sat, changes 2025-10-13 Mon
  2025-10-08 Wed 14:00-16:30 "Lane swim *Reservations not required.": time-change, new time 14:00-16:00
group "Drop-in schedule - weight and cardio room"
  warning: changes 2025-10-11 Sat, changes 2025-10-13 Mon
group "Drop-in schedule - group fitness"
  warning: changes 2025-10-13 Mon
  2025-10-13 Mon 07:30-08:30 "Bootcamp": likely cancelled, group scope stated
  2025-10-13 Mon 09:30-10:30 "Zumba Gold": likely cancelled, group scope stated
  2025-10-13 Mon 18:15-19:15 "Cardio and strength": likely cancelled, group scope stated
  2025-10-13 Mon 19:30-20:30 "Zumba": likely cancelled, group scope stated
group "Drop-in schedule - racquet sports"
  warning: changes 2025-10-10 Fri to 2025-10-11 Sat, changes 2025-10-13 Mon
  2025-10-10 Fri 07:30-08:30 "Pickleball - rotations": cancelled
  2025-10-10 Fri 08:30-09:30 "Pickleball - rotations": cancelled
  2025-10-10 Fri 09:30-10:30 "Pickleball - rotations": cancelled
  2025-10-10 Fri 11:00-12:00 "Badminton doubles - adult": cancelled
  2025-10-10 Fri 12:00-13:00 "Badminton doubles - adult": cancelled
  2025-10-10 Fri 13:30-14:30 "Pickleball - rotations": cancelled
  2025-10-10 Fri 14:30-15:30 "Pickleball - rotations": cancelled
group "Drop-in schedule - sports"
  warning: changes 2025-10-10 Fri to 2025-10-11 Sat, changes 2025-10-13 Mon
  2025-10-10 Fri 11:00-12:00 "Basketball - adult": cancelled
  2025-10-10 Fri 12:00-13:00 "Basketball - adult": cancelled
