== Richcraft Recreation Complex-Kanata, 2026-06-23 Tue to 2026-08-11 Tue
warning: changes 2026-07-01 Wed
group "Drop-in schedule - swim and aquafitness"
  warning: changes 2026-07-01 Wed
group "Drop-in schedule - weight and cardio room"
  warning: changes 2026-07-01 Wed
group "Drop-in schedule - group fitness"
  warning: changes 2026-07-01 Wed
group "Drop-in schedule - gymnasium sports"
  warning: changes 2026-07-01 Wed
