== Richcraft Recreation Complex-Kanata, 2025-12-28 Sun to 2026-02-15 Sun
group "Drop-in schedule - swim and aquafit"
  warning: changes 2025-12-28 Sun to 2026-01-04 Sun
group "Drop-in schedule - group fitness"
  warning: changes 2025-12-28 Sun to 2026-01-04 Sun
group "Drop-in schedule - gymnasium sports"
  warning: changes 2025-12-28 Sun to 2026-01-04 Sun
