== Richcraft Recreation Complex-Kanata, 2026-08-05 Wed to 2026-09-23 Wed
warning: changes 2026-08-15 Sat
group "Drop-in schedule - weight and cardio room"
  warning: notice 2026-08-15 Sat
group "Drop-in schedule - group fitness"
  warning: changes 2026-08-15 Sat
  2026-08-15 Sat 09:30-10:30 "Zumba®": cancelled
  2026-08-15 Sat 10:45-11:45 "Zumba® Toning": cancelled
group "Drop-in schedule - gymnasium sports"
  warning: changes 2026-08-15 Sat
  2026-08-15 Sat 08:00-09:00 "Open Gym - family": cancelled
  2026-08-15 Sat 09:00-10:00 "Open Gym - youth": cancelled
  2026-08-15 Sat 18:00-19:00 "Volleyball - youth": cancelled
  2026-08-15 Sat 19:00-20:00 "Volleyball - youth": cancelled
