== Richcraft Recreation Complex-Kanata, 2026-08-29 Sat to 2026-10-17 Sat
warning: changes 2026-09-05 Sat to 2026-09-27 Sun
group "Drop-in schedule - Labour Day weekend"
  warning: changes 2026-09-08 Tue to 2026-09-27 Sun
group "Drop-in schedule - swim and aquafitness"
  warning: changes 2026-09-05 Sat to 2026-09-27 Sun
group "Drop-in schedule - weight and cardio room"
  warning: changes 2026-09-05 Sat to 2026-09-07 Mon
  2026-09-08 Tue 06:00-22:00 "Weight and cardio room": facility scope stated
  2026-09-09 Wed 06:00-22:00 "Weight and cardio room": facility scope stated
  2026-09-10 Thu 06:00-22:00 "Weight and cardio room": facility scope stated
  2026-09-11 Fri 06:00-21:00 "Weight and cardio room": facility scope stated
  2026-09-12 Sat 08:00-20:00 "Weight and cardio room": facility scope stated
  2026-09-13 Sun 08:00-20:00 "Weight and cardio room": facility scope stated
  2026-09-14 Mon 06:00-22:00 "Weight and cardio room": facility scope stated
group "Drop-in schedule - group fitness"
  warning: changes 2026-09-05 Sat to 2026-09-07 Mon
group "Drop-in schedule - gymnasium sports"
  warning: changes 2026-09-05 Sat to 2026-09-07 Mon
