== Eva James Memorial Community Centre, 2025-11-28 Fri to 2026-01-16 Fri
warning: changes 2025-12-20 Sat to 2026-01-04 Sun
group "Drop-in schedule - racquet sports"
  warning: changes 2025-12-20 Sat to 2026-01-04 Sun
group "Drop-in schedule - sports"
  warning: changes 2025-12-20 Sat to 2026-01-04 Sun
