== Splash Wave Pool, 2026-06-19 Fri to 2026-08-07 Fri
warning: notice 2026-06-19 Fri to 2026-06-30 Tue, changes 2026-07-01 Wed, notice 2026-07-02 Thu to 2026-08-07 Fri
group "Drop-in schedule - swim and aquafitness"
  warning: changes 2026-06-23 Tue, changes 2026-07-01 Wed
  2026-06-23 Tue 16:30-21:00 "Public Swim - wave tank and warm pool": cancelled
  2026-07-01 Wed 06:00-08:00 "Lane Swim": facility scope, group scope stated
  2026-07-01 Wed 08:05-09:00 "Aquafit General - Deep": facility scope, group scope stated
  2026-07-01 Wed 12:00-13:00 "Lane Swim": facility scope, group scope stated
  2026-07-01 Wed 13:00-16:00 "Wave Swim": facility scope, group scope stated
  2026-07-01 Wed 17:30-19:30 "Public Swim - wave tank and warm pool": facility scope, group scope stated
  2026-07-01 Wed 19:30-20:30 "Lane Swim": facility scope, group scope stated
