== Splash Wave Pool, 2026-06-07 Sun to 2026-07-26 Sun
warning: notice 2026-06-07 Sun to 2026-06-30 Tue, changes 2026-07-01 Wed, notice 2026-07-02 Thu to 2026-07-26 Sun
group "Drop-in schedule - swim and aquafitness"
  warning: changes 2026-06-23 Tue, changes 2026-07-01 Wed
  2026-06-23 Tue 16:30-21:00 "Public Swim - wave tank and warm pool": cancelled
