== J.A. Dulude Arena schedule_changes "Drop-in schedule - skating"
- IGNORED date-context "Thursday, December 25"
    at: group "Drop-in schedule - skating"
- NOTICE "50+ skate, 11 to 11:50 am, cancelled"
    date text: "Thursday, December 25"
    dates: 2025-12-25 Thu
    time: "11 to 11:50 am" 11:00-11:50 exact [Thursday 11:00 - 11:50am]
    effects: cancelled
    match: NORMALIZED
    phrase: "50+ skate"
    ambiguities: meridiem-inferred
    sources: schedule_changes special_hours
    at: group "Drop-in schedule - skating" activity "Skating 50+" sessions 2025-12-25 Thu 11:00-11:50
- NOTICE "Public skate, Noon to 12:50 pm, cancelled"
    date text: "Thursday, December 25"
    dates: 2025-12-25 Thu
    time: "Noon to 12:50 pm" 12:00-12:50 exact [Thursday 12:00 - 12:50pm]
    effects: cancelled
    match: EXACT
    phrase: "Public skate"
    sources: schedule_changes special_hours
    at: group "Drop-in schedule - skating" activity "Public skating" sessions 2025-12-25 Thu 12:00-12:50
- NOTICE "Public skate, 6 to 6:50 pm, cancelled"
    date text: "Thursday, December 25"
    dates: 2025-12-25 Thu
    time: "6 to 6:50 pm" 18:00-18:50 exact [Thursday 6:00 - 6:50pm]
    effects: cancelled
    match: EXACT
    phrase: "Public skate"
    ambiguities: meridiem-inferred
    sources: schedule_changes special_hours
    at: group "Drop-in schedule - skating" activity "Public skating" sessions 2025-12-25 Thu 18:00-18:50
- NOTICE "Figure skate, 7 to 7:50 pm, cancelled"
    date text: "Thursday, December 25"
    dates: 2025-12-25 Thu
    time: "7 to 7:50 pm" 19:00-19:50 exact [Thursday 7:00 - 7:50pm]
    effects: cancelled
    match: EXACT
    phrase: "Figure skate"
    ambiguities: meridiem-inferred
    sources: schedule_changes special_hours
    at: group "Drop-in schedule - skating" activity "Figure skating" sessions 2025-12-25 Thu 19:00-19:50

== J.A. Dulude Arena special_hours
- IGNORED date-context "Thursday, December 25"
    at: facility
- IGNORED duplicate "50+ skate, 11 to 11:50 am, cancelled"
    date text: "Thursday, December 25"
    dates: 2025-12-25 Thu
    time: "11 to 11:50 am" 11:00-11:50 exact [Thursday 11:00 - 11:50am]
    match: NORMALIZED
    phrase: "50+ skate"
    ambiguities: meridiem-inferred
    duplicate of: schedule_changes "Drop-in schedule - skating" "50+ skate, 11 to 11:50 am, cancelled"
    at: facility
- IGNORED duplicate "Public skate, Noon to 12:50 pm, cancelled"
    date text: "Thursday, December 25"
    dates: 2025-12-25 Thu
    time: "Noon to 12:50 pm" 12:00-12:50 exact [Thursday 12:00 - 12:50pm]
    match: EXACT
    phrase: "Public skate"
    duplicate of: schedule_changes "Drop-in schedule - skating" "Public skate, Noon to 12:50 pm, cancelled"
    at: facility
- IGNORED duplicate "Public skate, 6 to 6:50 pm, cancelled"
    date text: "Thursday, December 25"
    dates: 2025-12-25 Thu
    time: "6 to 6:50 pm" 18:00-18:50 exact [Thursday 6:00 - 6:50pm]
    match: EXACT
    phrase: "Public skate"
    ambiguities: meridiem-inferred
    duplicate of: schedule_changes "Drop-in schedule - skating" "Public skate, 6 to 6:50 pm, cancelled"
    at: facility
- IGNORED duplicate "Figure skate, 7 to 7:50 pm, cancelled"
    date text: "Thursday, December 25"
    dates: 2025-12-25 Thu
    time: "7 to 7:50 pm" 19:00-19:50 exact [Thursday 7:00 - 7:50pm]
    match: EXACT
    phrase: "Figure skate"
    ambiguities: meridiem-inferred
    duplicate of: schedule_changes "Drop-in schedule - skating" "Figure skate, 7 to 7:50 pm, cancelled"
    at: facility
