== François Dupuis Recreation Centre, 2026-09-09 Wed to 2026-10-28 Wed
group "Drop-in schedule - swim and aquafitness"
  warning: changes 2026-09-18 Fri, changes 2026-09-23 Wed to 2026-09-24 Thu
  2026-09-18 Fri 14:30-15:30 "Lane swim": cancelled
  2026-09-18 Fri 14:30-15:30 "Lane swim - shared pool": added
