== François Dupuis Recreation Centre, 2026-08-18 Tue to 2026-10-06 Tue
group "Drop-in schedule - Labour Day weekend"
  warning: changes 2026-08-18 Tue to 2026-10-06 Tue
group "Drop-in schedule - swim and aquafitness"
  warning: changes 2026-08-18 Tue to 2026-10-06 Tue
group "Drop-in schedule - weight and cardio room"
  warning: changes 2026-09-05 Sat to 2026-09-07 Mon
group "Drop-in schedule - group fitness"
  warning: changes 2026-09-05 Sat to 2026-09-07 Mon
