== Kanata Seniors Centre, 2025-09-29 Mon to 2025-11-17 Mon
warning: changes 2025-10-13 Mon
group "Drop-in activities"
  warning: changes 2025-10-13 Mon
  2025-10-13 Mon 08:30-16:00 "Snooker/billiards": facility scope, group scope stated
  2025-10-13 Mon 09:30-11:30 "Mah Jong": facility scope, group scope stated
  2025-10-13 Mon 12:30-15:00 "Euchre": facility scope, group scope stated
  2025-10-13 Mon 13:00-15:30 "Fun bridge": facility scope, group scope stated
