== Kanata Seniors Centre, 2026-09-21 Mon to 2026-11-09 Mon
warning: changes 2026-10-12 Mon
group "Drop-in activities"
  warning: changes 2026-10-12 Mon
  2026-10-12 Mon 08:45-15:45 "Snooker/billiards": facility scope, group scope stated
  2026-10-12 Mon 09:30-11:30 "Mah Jong": facility scope, group scope stated
  2026-10-12 Mon 10:00-11:00 "Sounds of Music": facility scope, group scope stated
  2026-10-12 Mon 12:30-15:00 "Euchre": facility scope, group scope stated
  2026-10-12 Mon 13:00-15:30 "Fun bridge": facility scope, group scope stated
