== CARDELREC Recreation Complex Goulbourn, 2025-11-23 Sun to 2026-01-11 Sun
warning: changes 2025-11-23 Sun to 2025-11-30 Sun
group "Drop-in schedule - swim and aquafit"
  warning: changes 2025-12-01 Mon, changes 2025-12-03 Wed
  2025-12-01 Mon 08:20-09:15 "Aqua general - shallow/deep combo": cancelled
  2025-12-01 Mon 09:20-10:15 "Aqua general - shallow/deep combo": cancelled
  2025-12-03 Wed 08:20-09:15 "Aqua general - shallow/deep combo": cancelled
  2025-12-03 Wed 09:20-10:15 "Aqua general - shallow/deep combo": cancelled
group "Drop-in schedule - group fitness"
  warning: changes 2025-12-01 Mon
  2025-12-01 Mon 07:00-08:00 "Indoor cycling *Requires reservations": cancelled
