== CARDELREC Recreation Complex Goulbourn, 2025-10-26 Sun to 2025-12-14 Sun
group "Drop-in schedule - group fitness"
  warning: changes 2025-11-03 Mon, changes 2025-11-10 Mon
  2025-11-03 Mon 07:00-08:00 "Indoor cycling *Requires reservations": cancelled
  2025-11-10 Mon 07:00-08:00 "Indoor cycling *Requires reservations": cancelled
