== CARDELREC Recreation Complex Goulbourn, 2026-07-13 Mon to 2026-08-31 Mon
warning: changes 2026-08-01 Sat to 2026-08-03 Mon
group "Drop-in schedule - swim and aquafitness"
  warning: changes 2026-08-01 Sat to 2026-08-03 Mon, changes 2026-08-17 Mon to 2026-08-31 Mon
group "Drop-in schedule - group fitness"
  warning: changes 2026-08-01 Sat to 2026-08-03 Mon
group "Drop-in schedule - gymnasium sports"
  warning: changes 2026-08-01 Sat to 2026-08-03 Mon
group "Drop-in schedule - skating"
  warning: changes 2026-08-01 Sat to 2026-08-03 Mon
