== Ray Friel Recreation Complex, 2026-03-16 Mon to 2026-05-04 Mon
warning: notice 2026-03-16 Mon to 2026-05-04 Mon
group "Drop-in schedule - swim and aquafitness"
  warning: changes 2026-03-26 Thu, changes 2026-04-03 Fri to 2026-04-06 Mon
  2026-03-26 Thu 17:00-19:30 "Public swim": cancelled
group "Drop-in schedule - weight and cardio room"
  warning: changes 2026-04-03 Fri to 2026-04-06 Mon
group "Drop-in schedule - group fitness"
  warning: changes 2026-04-03 Fri to 2026-04-06 Mon
group "Drop-in schedule - skating"
  warning: changes 2026-04-03 Fri to 2026-04-06 Mon
