== Diane Deans Greenboro Community Centre, 2025-11-07 Fri to 2025-12-26 Fri
warning: changes 2025-11-20 Thu
group "Drop-in schedule - weight and cardio room"
  2025-11-20 Thu 07:30-21:00 "Weight and cardio room": facility scope
group "Drop-in schedule - group fitness"
  2025-11-20 Thu 09:00-10:00 "Cardio and strength": facility scope
  2025-11-20 Thu 09:15-10:15 "Strength 50+": facility scope
  2025-11-20 Thu 10:45-11:45 "Cardio and strength 50+": facility scope
  2025-11-20 Thu 11:00-12:00 "Yoga": facility scope
group "Drop-in schedule - sports"
  2025-11-20 Thu 09:00-11:00 "Kinderplay *Reservations not required.": facility scope
