== Diane Deans Greenboro Community Centre, 2026-07-10 Fri to 2026-08-28 Fri
warning: changes 2026-08-03 Mon
group "Drop-in schedule - weight and cardio room"
  2026-08-03 Mon 07:30-21:00 "Weight and cardio room": facility scope
group "Drop-in schedule - group fitness"
  2026-08-03 Mon 09:00-10:00 "Indoor cycling": facility scope
  2026-08-03 Mon 09:15-10:15 "Pilates": facility scope
  2026-08-03 Mon 09:15-10:15 "Zumba Gold": facility scope
  2026-08-03 Mon 10:45-11:45 "Cardio and strength 50+": facility scope
  2026-08-03 Mon 12:00-13:00 "Cardio and strength": facility scope
  2026-08-03 Mon 17:45-18:45 "HIIT": facility scope
  2026-08-03 Mon 19:15-20:15 "Yoga": facility scope
