== McNabb Arena and Community Centre schedule_changes "Drop-in schedule - ice sports"
- IGNORED date-context "Wednesday, December 24"
    at: group "Drop-in schedule - ice sports"
- NOTICE "Stick and puck - preschool and child, 5 to 5:50 pm, cancelled"
    date text: "Wednesday, December 24"
    dates: 2025-12-24 Wed
    time: "5 to 5:50 pm" 17:00-17:50 exact [Wednesday 5:00 - 5:50pm]
    effects: cancelled
    match: EXACT
    phrase: "Stick and puck - preschool and child"
    ambiguities: meridiem-inferred
    sources: schedule_changes special_hours
    at: group "Drop-in schedule - ice sports" activity "Stick and puck - preschool and child" sessions 2025-12-24 Wed 17:00-17:50
- IGNORED date-context "Wednesday, December 31"
    at: group "Drop-in schedule - ice sports"
- NOTICE "Stick and puck - preschool and child, 5 to 5:50 pm, cancelled"
    date text: "Wednesday, December 31"
    dates: 2025-12-31 Wed
    time: "5 to 5:50 pm" 17:00-17:50 exact [Wednesday 5:00 - 5:50pm]
    effects: cancelled
    match: EXACT
    phrase: "Stick and puck - preschool and child"
    ambiguities: meridiem-inferred
    sources: schedule_changes special_hours
    at: group "Drop-in schedule - ice sports" activity "Stick and puck - preschool and child" sessions 2025-12-31 Wed 17:00-17:50
- IGNORED date-context "Friday, December 26"
    at: group "Drop-in schedule - ice sports"
- NOTICE "Stick and puck - youth and adult, 4 to 4:50 pm, cancelled"
    date text: "Friday, December 26"
    dates: 2025-12-26 Fri
    time: "4 to 4:50 pm" 16:00-16:50 exact [Friday 4:00 - 4:50pm]
    effects: cancelled
    match: EXACT
    phrase: "Stick and puck - youth and adult"
    ambiguities: meridiem-inferred
    sources: schedule_changes special_hours
    at: group "Drop-in schedule - ice sports" activity "Stick and puck - youth and adult" sessions 2025-12-26 Fri 16:00-16:50

== McNabb Arena and Community Centre schedule_changes "Drop-in schedule - skating"
- IGNORED date-context "Wednesday, December 24"
    at: group "Drop-in schedule - skating"
- NOTICE "Public skate, 6 to 6:50 pm, cancelled"
    date text: "Wednesday, December 24"
    dates: 2025-12-24 Wed
    time: "6 to 6:50 pm" 18:00-18:50 exact [Wednesday 6:00 - 6:50pm]
    effects: cancelled
    match: EXACT
    phrase: "Public skate"
    ambiguities: meridiem-inferred
    sources: schedule_changes special_hours
    at: group "Drop-in schedule - skating" activity "Public skating" sessions 2025-12-24 Wed 18:00-18:50
- IGNORED date-context "Wednesday, December 31"
    at: group "Drop-in schedule - skating"
- NOTICE "Public skate, 6 to 6:50 pm, cancelled"
    date text: "Wednesday, December 31"
    dates: 2025-12-31 Wed
    time: "6 to 6:50 pm" 18:00-18:50 exact [Wednesday 6:00 - 6:50pm]
    effects: cancelled
    match: EXACT
    phrase: "Public skate"
    ambiguities: meridiem-inferred
    sources: schedule_changes special_hours
    at: group "Drop-in schedule - skating" activity "Public skating" sessions 2025-12-31 Wed 18:00-18:50
- IGNORED date-context "Friday, December 26"
    at: group "Drop-in schedule - skating"
- NOTICE "Public skate, 5 to 5:50 pm, cancelled"
    date text: "Friday, December 26"
    dates: 2025-12-26 Fri
    time: "5 to 5:50 pm" 17:00-17:50 exact [Friday 5:00 - 5:50pm]
    effects: cancelled
    match: EXACT
    phrase: "Public skate"
    ambiguities: meridiem-inferred
    sources: schedule_changes special_hours
    at: group "Drop-in schedule - skating" activity "Public skating" sessions 2025-12-26 Fri 17:00-17:50

== McNabb Arena and Community Centre special_hours
- IGNORED date-context "Wednesday, December 24"
    at: facility
- IGNORED duplicate "Stick and puck - preschool and child, 5 to 5:50 pm, cancelled"
    date text: "Wednesday, December 24"
    dates: 2025-12-24 Wed
    time: "5 to 5:50 pm" 17:00-17:50 exact [Wednesday 5:00 - 5:50pm]
    match: EXACT
    phrase: "Stick and puck - preschool and child"
    ambiguities: meridiem-inferred
    duplicate of: schedule_changes "Drop-in schedule - ice sports" "Stick and puck - preschool and child, 5 to 5:50 pm, cancelled"
    at: facility
- IGNORED duplicate "Public skate, 6 to 6:50 pm, cancelled"
    date text: "Wednesday, December 24"
    dates: 2025-12-24 Wed
    time: "6 to 6:50 pm" 18:00-18:50 exact [Wednesday 6:00 - 6:50pm]
    match: EXACT
    phrase: "Public skate"
    ambiguities: meridiem-inferred
    duplicate of: schedule_changes "Drop-in schedule - skating" "Public skate, 6 to 6:50 pm, cancelled"
    at: facility
- IGNORED date-context "Wednesday, December 31"
    at: facility
- IGNORED duplicate "Stick and puck - preschool and child, 5 to 5:50 pm, cancelled"
    date text: "Wednesday, December 31"
    dates: 2025-12-31 Wed
    time: "5 to 5:50 pm" 17:00-17:50 exact [Wednesday 5:00 - 5:50pm]
    match: EXACT
    phrase: "Stick and puck - preschool and child"
    ambiguities: meridiem-inferred
    duplicate of: schedule_changes "Drop-in schedule - ice sports" "Stick and puck - preschool and child, 5 to 5:50 pm, cancelled"
    at: facility
- IGNORED duplicate "Public skate, 6 to 6:50 pm, cancelled"
    date text: "Wednesday, December 31"
    dates: 2025-12-31 Wed
    time: "6 to 6:50 pm" 18:00-18:50 exact [Wednesday 6:00 - 6:50pm]
    match: EXACT
    phrase: "Public skate"
    ambiguities: meridiem-inferred
    duplicate of: schedule_changes "Drop-in schedule - skating" "Public skate, 6 to 6:50 pm, cancelled"
    at: facility
- IGNORED date-context "Friday, December 26"
    at: facility
- IGNORED duplicate "Stick and puck - youth and adult, 4 to 4:50 pm, cancelled"
    date text: "Friday, December 26"
    dates: 2025-12-26 Fri
    time: "4 to 4:50 pm" 16:00-16:50 exact [Friday 4:00 - 4:50pm]
    match: EXACT
    phrase: "Stick and puck - youth and adult"
    ambiguities: meridiem-inferred
    duplicate of: schedule_changes "Drop-in schedule - ice sports" "Stick and puck - youth and adult, 4 to 4:50 pm, cancelled"
    at: facility
- IGNORED duplicate "Public skate, 5 to 5:50 pm, cancelled"
    date text: "Friday, December 26"
    dates: 2025-12-26 Fri
    time: "5 to 5:50 pm" 17:00-17:50 exact [Friday 5:00 - 5:50pm]
    match: EXACT
    phrase: "Public skate"
    ambiguities: meridiem-inferred
    duplicate of: schedule_changes "Drop-in schedule - skating" "Public skate, 5 to 5:50 pm, cancelled"
    at: facility
