== Hunt Club-Riverside Park Community Centre schedule_changes "Drop-in schedule - group fitness"
- NOTICE "Saturday, December 20 to Sunday, January 4 see Winter Break schedule."
    date text: "Saturday, December 20 to Sunday, January 4"
    dates: 2025-12-20 Sat to 2026-01-04 Sun
    effects: see-schedule "Winter Break schedule"
    match: SCOPE_PHRASE
    at: group "Drop-in schedule - group fitness"

== Hunt Club-Riverside Park Community Centre schedule_changes "Drop-in schedule - gymnasium sports"
- NOTICE "Saturday, December 20 to Sunday, January 4 see Winter Break schedule."
    date text: "Saturday, December 20 to Sunday, January 4"
    dates: 2025-12-20 Sat to 2026-01-04 Sun
    effects: see-schedule "Winter Break schedule"
    match: SCOPE_PHRASE
    at: group "Drop-in schedule - gymnasium sports"

== Hunt Club-Riverside Park Community Centre notifications
- IGNORED boilerplate "Pickleball and badminton can now be found in the gymnasium sports schedule."
    at: facility
