== Richelieu Vanier Community Centre, 2025-09-29 Mon to 2025-11-17 Mon
warning: changes 2025-10-13 Mon
group "Drop-in schedule - racquet sports"
  warning: changes 2025-10-13 Mon
  2025-10-13 Mon 13:00-14:00 "Pickleball 18+ - recreational play": facility scope, group scope stated
  2025-10-13 Mon 14:00-15:00 "Pickleball 18+ - recreational play": facility scope, group scope stated
  2025-10-13 Mon 15:00-16:00 "Pickleball 18+ - recreational play": facility scope, group scope stated
  2025-10-13 Mon 16:00-17:00 "Pickleball 18+ - recreational play": facility scope, group scope stated
