== Fred Barrett Arena, 2026-06-01 Mon to 2026-07-20 Mon
group "Drop-in schedule - skating"
  warning: changes 2026-06-19 Fri
  2026-06-19 Fri 20:15-21:05 "Public skating": group scope stated
group "Drop-in schedule - ice sports"
  warning: changes 2026-06-19 Fri
  2026-06-19 Fri 18:15-19:05 "Hockey - child (6 to 12 years)": group scope stated
  2026-06-19 Fri 19:15-20:05 "Hockey - youth (13 to 17 years)": group scope stated
