== Nepean Sportsplex special_hours
- IGNORED date-context "August 15 to September 13"
    at: facility
- NOTICE "The pools are closed for annual maintenance."
    date text: "August 15 to September 13"
    dates: 2026-08-15 Sat to 2026-09-13 Sun
    effects: closure
    match: NONE
    phrase: "pools"
    amenity: "pools"
    at: facility
- IGNORED heading "Notice"
    section: "Notice"
    at: facility
- NOTICE "The Athletics change rooms are now open."
    section: "Notice"
    match: NONE
    phrase: "The Athletics change rooms are now open"
    amenity: "athletics change rooms"
    at: facility
- NOTICE "The saunas are closed until further notice."
    section: "Notice"
    dates: open-ended
    effects: closure
    match: NONE
    phrase: "saunas"
    amenity: "saunas"
    at: facility

== Nepean Sportsplex notifications
- IGNORED boilerplate "Pickleball, badminton and table tennis can now be found in the gymnasium sports schedule."
    at: facility
