== Plant Recreation Centre schedule_changes "Drop-in schedule - swim and aquafit"
- IGNORED date-context "Monday, December 22 to Friday, January 2"
    at: group "Drop-in schedule - swim and aquafit"
- NOTICE "See Winter Break schedule."
    date text: "Monday, December 22 to Friday, January 2"
    dates: 2025-12-22 Mon to 2026-01-02 Fri
    effects: see-schedule "Winter Break schedule" "https://ottawa.ca/en/plant-recreation-centre-holiday-drop-schedule"
    match: SCOPE_PHRASE
    at: group "Drop-in schedule - swim and aquafit"

== Plant Recreation Centre schedule_changes "Drop-in schedule - weight and cardio room"
- IGNORED date-context "Monday, December 22 to Friday, January 2"
    at: group "Drop-in schedule - weight and cardio room"
- NOTICE "See Winter Break schedule."
    date text: "Monday, December 22 to Friday, January 2"
    dates: 2025-12-22 Mon to 2026-01-02 Fri
    effects: see-schedule "Winter Break schedule" "https://ottawa.ca/en/plant-recreation-centre-holiday-drop-schedule"
    match: SCOPE_PHRASE
    at: group "Drop-in schedule - weight and cardio room"
- IGNORED date-context "Monday, December 22 to Friday, January 2"
    at: group "Drop-in schedule - group fitness"
- NOTICE "See Winter Break schedule."
    date text: "Monday, December 22 to Friday, January 2"
    dates: 2025-12-22 Mon to 2026-01-02 Fri
    effects: see-schedule "Winter Break schedule" "https://ottawa.ca/en/plant-recreation-centre-holiday-drop-schedule"
    match: SCOPE_PHRASE
    at: group "Drop-in schedule - group fitness"

== Plant Recreation Centre special_hours
- IGNORED date-context "December 1 to 21"
    at: facility
- NOTICE "The pool is closed."
    date text: "December 1 to 21"
    dates: 2025-12-01 Mon to 2025-12-21 Sun
    effects: closure
    match: SCOPE_PHRASE
    phrase: "pool"
    at: facility
- IGNORED date-context "December 15 to 21"
    at: facility
- NOTICE "The weight room is closed."
    date text: "December 15 to 21"
    dates: 2025-12-15 Mon to 2025-12-21 Sun
    effects: closure
    match: FUZZY
    phrase: "weight room"
    at: group "Drop-in schedule - Winter Break" activity "Weight and cardio room"
- IGNORED heading "Winter Break hours"
    section: "Winter Break hours"
    at: facility
- NOTICE "December 22 and 23, 6:45 am to 9:30 pm"
    section: "Winter Break hours"
    date text: "December 22 and 23"
    dates: 2025-12-22 Mon 2025-12-23 Tue
    time: "6:45 am to 9:30 pm" 06:45-21:30 unchecked
    effects: modified-hours
    at: facility
- NOTICE "December 24, 6:45 am to 4 pm"
    section: "Winter Break hours"
    date text: "December 24"
    dates: 2025-12-24 Wed
    time: "6:45 am to 4 pm" 06:45-16:00 unchecked
    effects: modified-hours
    at: facility
- NOTICE "December 25 and 26, closed"
    section: "Winter Break hours"
    date text: "December 25 and 26"
    dates: 2025-12-25 Thu 2025-12-26 Fri
    effects: closure
    at: facility
- NOTICE "December 27, 6:45 am to 9 pm"
    section: "Winter Break hours"
    date text: "December 27"
    dates: 2025-12-27 Sat
    time: "6:45 am to 9 pm" 06:45-21:00 unchecked
    effects: modified-hours
    at: facility
- NOTICE "December 28, 8:30 to 7 pm"
    section: "Winter Break hours"
    date text: "December 28"
    dates: 2025-12-28 Sun
    time: "8:30 to 7 pm" 08:30-19:00 unchecked
    effects: modified-hours
    ambiguities: meridiem-inferred
    at: facility
- NOTICE "December 29, 8:30 am to 5 pm"
    section: "Winter Break hours"
    date text: "December 29"
    dates: 2025-12-29 Mon
    time: "8:30 am to 5 pm" 08:30-17:00 unchecked
    effects: modified-hours
    at: facility
- NOTICE "December 30, 6:45 am to 9:30 pm"
    section: "Winter Break hours"
    date text: "December 30"
    dates: 2025-12-30 Tue
    time: "6:45 am to 9:30 pm" 06:45-21:30 unchecked
    effects: modified-hours
    at: facility
- NOTICE "December 31, 6:45 to 4 pm"
    section: "Winter Break hours"
    date text: "December 31"
    dates: 2025-12-31 Wed
    time: "6:45 to 4 pm" 06:45-16:00 unchecked
    effects: modified-hours
    ambiguities: meridiem-inferred
    at: facility
- NOTICE "January 1, closed"
    section: "Winter Break hours"
    date text: "January 1"
    dates: 2026-01-01 Thu
    effects: closure
    at: facility
- NOTICE "January 2, 6:45 am to 9:30 pm"
    section: "Winter Break hours"
    date text: "January 2"
    dates: 2026-01-02 Fri
    time: "6:45 am to 9:30 pm" 06:45-21:30 unchecked
    effects: modified-hours
    at: facility
- NOTICE "January 3, 6:45 am to 9 pm"
    section: "Winter Break hours"
    date text: "January 3"
    dates: 2026-01-03 Sat
    time: "6:45 am to 9 pm" 06:45-21:00 unchecked
    effects: modified-hours
    at: facility
