== Plant Recreation Centre schedule_changes "Drop-in schedule - swim and aquafitness"
- IGNORED date-context "Monday, February 16"
    at: group "Drop-in schedule - swim and aquafitness"
- NOTICE "See Family Day schedule."
    date text: "Monday, February 16"
    dates: 2026-02-16 Mon
    effects: see-schedule "Family Day schedule"
    match: SCOPE_PHRASE
    at: group "Drop-in schedule - swim and aquafitness"
- IGNORED date-context "Monday, February 16"
    at: group "Drop-in schedule - weight and cardio room"
- NOTICE "See Family Day schedule."
    date text: "Monday, February 16"
    dates: 2026-02-16 Mon
    effects: see-schedule "Family Day schedule"
    match: SCOPE_PHRASE
    at: group "Drop-in schedule - weight and cardio room"
- IGNORED date-context "Monday, February 16"
    at: group "Drop-in schedule - group fitness"
- NOTICE "See Family Day schedule."
    date text: "Monday, February 16"
    dates: 2026-02-16 Mon
    effects: see-schedule "Family Day schedule"
    match: SCOPE_PHRASE
    at: group "Drop-in schedule - group fitness"
