== Plant Recreation Centre schedule_changes "Drop-in schedule - swim and aquafitness"
- IGNORED date-context "Saturday, September 5 and Sunday, September 6"
    at: group "Drop-in schedule - swim and aquafitness"
- NOTICE "See Labour Day weekend schedule."
    date text: "Saturday, September 5 and Sunday, September 6"
    dates: 2026-09-05 Sat 2026-09-06 Sun
    effects: see-schedule "Labour Day weekend schedule"
    match: SCOPE_PHRASE
    at: group "Drop-in schedule - swim and aquafitness"
- IGNORED date-context "Monday, September 7"
    at: group "Drop-in schedule - swim and aquafitness"
- NOTICE "The facility is closed and all programs cancelled."
    date text: "Monday, September 7"
    dates: 2026-09-07 Mon
    effects: cancelled, closure
    match: SCOPE_PHRASE
    at: group "Drop-in schedule - swim and aquafitness"
- IGNORED date-context "Saturday, September 5 and Sunday, September 6"
    at: group "Drop-in schedule - weight and cardio room"
- NOTICE "See Labour Day weekend schedule."
    date text: "Saturday, September 5 and Sunday, September 6"
    dates: 2026-09-05 Sat 2026-09-06 Sun
    effects: see-schedule "Labour Day weekend schedule"
    match: SCOPE_PHRASE
    at: group "Drop-in schedule - weight and cardio room"
- IGNORED date-context "Monday, September 7"
    at: group "Drop-in schedule - weight and cardio room"
- NOTICE "The facility is closed and all programs cancelled."
    date text: "Monday, September 7"
    dates: 2026-09-07 Mon
    effects: cancelled, closure
    match: SCOPE_PHRASE
    at: group "Drop-in schedule - weight and cardio room"
- IGNORED date-context "Saturday, September 5 and Sunday, September 6"
    at: group "Drop-in schedule - group fitness"
- NOTICE "See Labour Day weekend schedule."
    date text: "Saturday, September 5 and Sunday, September 6"
    dates: 2026-09-05 Sat 2026-09-06 Sun
    effects: see-schedule "Labour Day weekend schedule"
    match: SCOPE_PHRASE
    at: group "Drop-in schedule - group fitness"
- IGNORED date-context "Monday, September 7"
    at: group "Drop-in schedule - group fitness"
- NOTICE "The facility is closed and all programs cancelled."
    date text: "Monday, September 7"
    dates: 2026-09-07 Mon
    effects: cancelled, closure
    match: SCOPE_PHRASE
    at: group "Drop-in schedule - group fitness"

== Plant Recreation Centre special_hours
- NOTICE "Saturday, September 5 and Sunday, September 6, 11 am to 4 pm"
    date text: "Saturday, September 5 and Sunday, September 6"
    dates: 2026-09-05 Sat 2026-09-06 Sun
    time: "11 am to 4 pm" 11:00-16:00 unchecked
    ambiguities: possible-activity-time
    at: facility
- NOTICE "Monday, September 7, closed"
    date text: "Monday, September 7"
    dates: 2026-09-07 Mon
    effects: closure
    at: facility
