== Osgoode Community Centre and Stuart Holmes Arena schedule_changes "Drop-in schedule - skating"
- IGNORED date-context "Sunday, January 25"
    at: group "Drop-in schedule - skating"
- NOTICE "All skating drop-ins, cancelled"
    date text: "Sunday, January 25"
    dates: 2026-01-25 Sun
    time: "" covers [Sunday 1:00 - 1:50pm; Sunday 2:00 - 2:50pm]
    effects: cancelled
    match: SCOPE_PHRASE
    phrase: "All skating drop-ins"
    at: group "Drop-in schedule - skating"
