== Osgoode Community Centre and Stuart Holmes Arena schedule_changes "Drop-in schedule - skating"
- IGNORED date-context "Monday, September 7"
    at: group "Drop-in schedule - skating"
- NOTICE "All drop-in skating and ice sports, cancelled."
    date text: "Monday, September 7"
    dates: 2026-09-07 Mon
    time: "" covers [Monday 3:00 - 3:50pm]
    effects: cancelled
    match: SCOPE_PHRASE
    phrase: "All drop-in skating and ice sports"
    sources: schedule_changes special_hours
    at: group "Drop-in schedule - skating"

== Osgoode Community Centre and Stuart Holmes Arena schedule_changes "Drop-in schedule - ice sports"
- IGNORED date-context "Monday, September 7"
    at: group "Drop-in schedule - ice sports"
- NOTICE "All drop-in skating and ice sports, cancelled"
    date text: "Monday, September 7"
    dates: 2026-09-07 Mon
    time: "" covers [Monday 4:00 - 4:50pm]
    effects: cancelled
    match: SCOPE_PHRASE
    phrase: "All drop-in skating and ice sports"
    sources: schedule_changes special_hours
    at: group "Drop-in schedule - ice sports"

== Osgoode Community Centre and Stuart Holmes Arena special_hours
- IGNORED date-context "Monday, September 7"
    at: facility
- IGNORED duplicate "All drop-in skating and ice sports, cancelled."
    date text: "Monday, September 7"
    dates: 2026-09-07 Mon
    time: "" covers [Monday 3:00 - 3:50pm; Monday 4:00 - 4:50pm]
    match: SCOPE_PHRASE
    phrase: "All drop-in skating and ice sports"
    duplicate of: schedule_changes "Drop-in schedule - skating" "All drop-in skating and ice sports, cancelled."
    duplicate of: schedule_changes "Drop-in schedule - ice sports" "All drop-in skating and ice sports, cancelled"
    at: facility
