== Pat Clark Community Centre, 2026-04-24 Fri to 2026-06-12 Fri
warning: changes 2026-05-16 Sat to 2026-05-18 Mon
group "Drop-in schedule - gymnasium sports"
  warning: changes 2026-05-16 Sat to 2026-05-18 Mon
  2026-05-17 Sun 10:45-11:35 "Kindergym": facility scope, group scope stated
  2026-05-17 Sun 12:45-13:45 "Open gym - family": facility scope, group scope stated
