== Lois Kemp Arena (Blackburn), 2025-12-22 Mon to 2026-02-09 Mon
group "Drop-in schedule - ice sports"
  warning: changes 2025-12-31 Wed
  2025-12-31 Wed 16:00-16:50 "Hockey - child (ages 6 to 12)": cancelled
group "Drop-in schedule - skating"
  warning: changes 2025-12-31 Wed
  2025-12-31 Wed 15:00-15:50 "Public skating": cancelled
