== Sawmill Creek Community Centre and Pool, 2025-12-22 Mon to 2026-02-09 Mon
warning: changes 2025-12-31 Wed to 2026-01-04 Sun
group "Drop-in schedule - swim and aquafit"
  warning: changes 2025-12-22 Mon to 2026-01-04 Sun
group "Drop-in schedule - group fitness"
  warning: changes 2025-12-22 Mon to 2026-01-04 Sun
